Archive member included to satisfy reference by file (symbol)

D:/RM/ToolChain/ArmGNU/13.3.1/arm-gnu-toolchain-13.3.rel1-mingw-w64-i686-arm-none-eabi/bin/../lib/gcc/arm-none-eabi/13.3.1/thumb/v7e-m+fp/hard\libgcc.a(_aeabi_uldivmod.o)
                              cmake/stm32cubemx/CMakeFiles/STM32_Drivers.dir/__/__/Drivers/STM32G4xx_HAL_Driver/Src/stm32g4xx_hal_uart.c.obj (__aeabi_uldivmod)
D:/RM/ToolChain/ArmGNU/13.3.1/arm-gnu-toolchain-13.3.rel1-mingw-w64-i686-arm-none-eabi/bin/../lib/gcc/arm-none-eabi/13.3.1/thumb/v7e-m+fp/hard\libgcc.a(_udivmoddi4.o)
                              D:/RM/ToolChain/ArmGNU/13.3.1/arm-gnu-toolchain-13.3.rel1-mingw-w64-i686-arm-none-eabi/bin/../lib/gcc/arm-none-eabi/13.3.1/thumb/v7e-m+fp/hard\libgcc.a(_aeabi_uldivmod.o) (__udivmoddi4)
D:/RM/ToolChain/ArmGNU/13.3.1/arm-gnu-toolchain-13.3.rel1-mingw-w64-i686-arm-none-eabi/bin/../lib/gcc/arm-none-eabi/13.3.1/thumb/v7e-m+fp/hard\libgcc.a(_dvmd_tls.o)
                              D:/RM/ToolChain/ArmGNU/13.3.1/arm-gnu-toolchain-13.3.rel1-mingw-w64-i686-arm-none-eabi/bin/../lib/gcc/arm-none-eabi/13.3.1/thumb/v7e-m+fp/hard\libgcc.a(_aeabi_uldivmod.o) (__aeabi_ldiv0)
D:/RM/ToolChain/ArmGNU/13.3.1/arm-gnu-toolchain-13.3.rel1-mingw-w64-i686-arm-none-eabi/bin/../lib/gcc/arm-none-eabi/13.3.1/thumb/v7e-m+fp/hard\libg_nano.a(libc_a-exit.o)
                              D:/RM/ToolChain/ArmGNU/13.3.1/arm-gnu-toolchain-13.3.rel1-mingw-w64-i686-arm-none-eabi/bin/../lib/gcc/arm-none-eabi/13.3.1/thumb/v7e-m+fp/hard/crt0.o (exit)
D:/RM/ToolChain/ArmGNU/13.3.1/arm-gnu-toolchain-13.3.rel1-mingw-w64-i686-arm-none-eabi/bin/../lib/gcc/arm-none-eabi/13.3.1/thumb/v7e-m+fp/hard\libg_nano.a(libc_a-findfp.o)
                              D:/RM/ToolChain/ArmGNU/13.3.1/arm-gnu-toolchain-13.3.rel1-mingw-w64-i686-arm-none-eabi/bin/../lib/gcc/arm-none-eabi/13.3.1/thumb/v7e-m+fp/hard\libg_nano.a(libc_a-exit.o) (__stdio_exit_handler)
D:/RM/ToolChain/ArmGNU/13.3.1/arm-gnu-toolchain-13.3.rel1-mingw-w64-i686-arm-none-eabi/bin/../lib/gcc/arm-none-eabi/13.3.1/thumb/v7e-m+fp/hard\libg_nano.a(libc_a-fwalk.o)
                              D:/RM/ToolChain/ArmGNU/13.3.1/arm-gnu-toolchain-13.3.rel1-mingw-w64-i686-arm-none-eabi/bin/../lib/gcc/arm-none-eabi/13.3.1/thumb/v7e-m+fp/hard\libg_nano.a(libc_a-findfp.o) (_fwalk_sglue)
D:/RM/ToolChain/ArmGNU/13.3.1/arm-gnu-toolchain-13.3.rel1-mingw-w64-i686-arm-none-eabi/bin/../lib/gcc/arm-none-eabi/13.3.1/thumb/v7e-m+fp/hard\libg_nano.a(libc_a-stdio.o)
                              D:/RM/ToolChain/ArmGNU/13.3.1/arm-gnu-toolchain-13.3.rel1-mingw-w64-i686-arm-none-eabi/bin/../lib/gcc/arm-none-eabi/13.3.1/thumb/v7e-m+fp/hard\libg_nano.a(libc_a-findfp.o) (__sread)
D:/RM/ToolChain/ArmGNU/13.3.1/arm-gnu-toolchain-13.3.rel1-mingw-w64-i686-arm-none-eabi/bin/../lib/gcc/arm-none-eabi/13.3.1/thumb/v7e-m+fp/hard\libg_nano.a(libc_a-memset.o)
                              D:/RM/ToolChain/ArmGNU/13.3.1/arm-gnu-toolchain-13.3.rel1-mingw-w64-i686-arm-none-eabi/bin/../lib/gcc/arm-none-eabi/13.3.1/thumb/v7e-m+fp/hard/crt0.o (memset)
D:/RM/ToolChain/ArmGNU/13.3.1/arm-gnu-toolchain-13.3.rel1-mingw-w64-i686-arm-none-eabi/bin/../lib/gcc/arm-none-eabi/13.3.1/thumb/v7e-m+fp/hard\libg_nano.a(libc_a-closer.o)
                              D:/RM/ToolChain/ArmGNU/13.3.1/arm-gnu-toolchain-13.3.rel1-mingw-w64-i686-arm-none-eabi/bin/../lib/gcc/arm-none-eabi/13.3.1/thumb/v7e-m+fp/hard\libg_nano.a(libc_a-stdio.o) (_close_r)
D:/RM/ToolChain/ArmGNU/13.3.1/arm-gnu-toolchain-13.3.rel1-mingw-w64-i686-arm-none-eabi/bin/../lib/gcc/arm-none-eabi/13.3.1/thumb/v7e-m+fp/hard\libg_nano.a(libc_a-reent.o)
                              D:/RM/ToolChain/ArmGNU/13.3.1/arm-gnu-toolchain-13.3.rel1-mingw-w64-i686-arm-none-eabi/bin/../lib/gcc/arm-none-eabi/13.3.1/thumb/v7e-m+fp/hard\libg_nano.a(libc_a-closer.o) (errno)
D:/RM/ToolChain/ArmGNU/13.3.1/arm-gnu-toolchain-13.3.rel1-mingw-w64-i686-arm-none-eabi/bin/../lib/gcc/arm-none-eabi/13.3.1/thumb/v7e-m+fp/hard\libg_nano.a(libc_a-impure.o)
                              D:/RM/ToolChain/ArmGNU/13.3.1/arm-gnu-toolchain-13.3.rel1-mingw-w64-i686-arm-none-eabi/bin/../lib/gcc/arm-none-eabi/13.3.1/thumb/v7e-m+fp/hard\libg_nano.a(libc_a-reent.o) (_impure_ptr)
D:/RM/ToolChain/ArmGNU/13.3.1/arm-gnu-toolchain-13.3.rel1-mingw-w64-i686-arm-none-eabi/bin/../lib/gcc/arm-none-eabi/13.3.1/thumb/v7e-m+fp/hard\libg_nano.a(libc_a-lseekr.o)
                              D:/RM/ToolChain/ArmGNU/13.3.1/arm-gnu-toolchain-13.3.rel1-mingw-w64-i686-arm-none-eabi/bin/../lib/gcc/arm-none-eabi/13.3.1/thumb/v7e-m+fp/hard\libg_nano.a(libc_a-stdio.o) (_lseek_r)
D:/RM/ToolChain/ArmGNU/13.3.1/arm-gnu-toolchain-13.3.rel1-mingw-w64-i686-arm-none-eabi/bin/../lib/gcc/arm-none-eabi/13.3.1/thumb/v7e-m+fp/hard\libg_nano.a(libc_a-readr.o)
                              D:/RM/ToolChain/ArmGNU/13.3.1/arm-gnu-toolchain-13.3.rel1-mingw-w64-i686-arm-none-eabi/bin/../lib/gcc/arm-none-eabi/13.3.1/thumb/v7e-m+fp/hard\libg_nano.a(libc_a-stdio.o) (_read_r)
[...]
Memory Configuration

Name             Origin             Length             Attributes
RAM              0x20000000         0x00020000         xrw
FLASH            0x08000000         0x00020000         xr
*default*        0x00000000         0xffffffff

Linker script and memory map

LOAD D:/RM/ToolChain/ArmGNU/13.3.1/arm-gnu-toolchain-13.3.rel1-mingw-w64-i686-arm-none-eabi/bin/../lib/gcc/arm-none-eabi/13.3.1/thumb/v7e-m+fp/hard/crti.o
LOAD D:/RM/ToolChain/ArmGNU/13.3.1/arm-gnu-toolchain-13.3.rel1-mingw-w64-i686-arm-none-eabi/bin/../lib/gcc/arm-none-eabi/13.3.1/thumb/v7e-m+fp/hard/crtbegin.o
LOAD D:/RM/ToolChain/ArmGNU/13.3.1/arm-gnu-toolchain-13.3.rel1-mingw-w64-i686-arm-none-eabi/bin/../lib/gcc/arm-none-eabi/13.3.1/thumb/v7e-m+fp/hard/crt0.o
LOAD cmake/stm32cubemx/CMakeFiles/STM32_Drivers.dir/__/__/Core/Src/system_stm32g4xx.c.obj
LOAD cmake/stm32cubemx/CMakeFiles/STM32_Drivers.dir/__/__/Drivers/STM32G4xx_HAL_Driver/Src/stm32g4xx_hal_adc.c.obj
LOAD cmake/stm32cubemx/CMakeFiles/STM32_Drivers.dir/__/__/Drivers/STM32G4xx_HAL_Driver/Src/stm32g4xx_hal_adc_ex.c.obj
LOAD cmake/stm32cubemx/CMakeFiles/STM32_Drivers.dir/__/__/Drivers/STM32G4xx_HAL_Driver/Src/stm32g4xx_ll_adc.c.obj
LOAD cmake/stm32cubemx/CMakeFiles/STM32_Drivers.dir/__/__/Drivers/STM32G4xx_HAL_Driver/Src/stm32g4xx_hal.c.obj
LOAD cmake/stm32cubemx/CMakeFiles/STM32_Drivers.dir/__/__/Drivers/STM32G4xx_HAL_Driver/Src/stm32g4xx_hal_rcc.c.obj
LOAD cmake/stm32cubemx/CMakeFiles/STM32_Drivers.dir/__/__/Drivers/STM32G4xx_HAL_Driver/Src/stm32g4xx_hal_rcc_ex.c.obj
LOAD cmake/stm32cubemx/CMakeFiles/STM32_Drivers.dir/__/__/Drivers/STM32G4xx_HAL_Driver/Src/stm32g4xx_hal_flash.c.obj
LOAD cmake/stm32cubemx/CMakeFiles/STM32_Drivers.dir/__/__/Drivers/STM32G4xx_HAL_Driver/Src/stm32g4xx_hal_flash_ex.c.obj
LOAD cmake/stm32cubemx/CMakeFiles/STM32_Drivers.dir/__/__/Drivers/STM32G4xx_HAL_Driver/Src/stm32g4xx_hal_flash_ramfunc.c.obj
LOAD cmake/stm32cubemx/CMakeFiles/STM32_Drivers.dir/__/__/Drivers/STM32G4xx_HAL_Driver/Src/stm32g4xx_hal_gpio.c.obj
LOAD cmake/stm32cubemx/CMakeFiles/STM32_Drivers.dir/__/__/Drivers/STM32G4xx_HAL_Driver/Src/stm32g4xx_hal_exti.c.obj
LOAD cmake/stm32cubemx/CMakeFiles/STM32_Drivers.dir/__/__/Drivers/STM32G4xx_HAL_Driver/Src/stm32g4xx_hal_dma.c.obj
LOAD cmake/stm32cubemx/CMakeFiles/STM32_Drivers.dir/__/__/Drivers/STM32G4xx_HAL_Driver/Src/stm32g4xx_hal_dma_ex.c.obj
LOAD cmake/stm32cubemx/CMakeFiles/STM32_Drivers.dir/__/__/Drivers/STM32G4xx_HAL_Driver/Src/stm32g4xx_hal_pwr.c.obj
LOAD cmake/stm32cubemx/CMakeFiles/STM32_Drivers.dir/__/__/Drivers/STM32G4xx_HAL_Driver/Src/stm32g4xx_hal_pwr_ex.c.obj
LOAD cmake/stm32cubemx/CMakeFiles/STM32_Drivers.dir/__/__/Drivers/STM32G4xx_HAL_Driver/Src/stm32g4xx_hal_cortex.c.obj
LOAD cmake/stm32cubemx/CMakeFiles/STM32_Drivers.dir/__/__/Drivers/STM32G4xx_HAL_Driver/Src/stm32g4xx_hal_fdcan.c.obj
LOAD cmake/stm32cubemx/CMakeFiles/STM32_Drivers.dir/__/__/Drivers/STM32G4xx_HAL_Driver/Src/stm32g4xx_hal_tim.c.obj
LOAD cmake/stm32cubemx/CMakeFiles/STM32_Drivers.dir/__/__/Drivers/STM32G4xx_HAL_Driver/Src/stm32g4xx_hal_tim_ex.c.obj
LOAD cmake/stm32cubemx/CMakeFiles/STM32_Drivers.dir/__/__/Drivers/STM32G4xx_HAL_Driver/Src/stm32g4xx_hal_uart.c.obj
LOAD cmake/stm32cubemx/CMakeFiles/STM32_Drivers.dir/__/__/Drivers/STM32G4xx_HAL_Driver/Src/stm32g4xx_hal_uart_ex.c.obj
LOAD CMakeFiles/DartADC_G474.dir/Core/Src/main.c.obj
LOAD CMakeFiles/DartADC_G474.dir/Core/Src/gpio.c.obj
LOAD CMakeFiles/DartADC_G474.dir/Core/Src/adc.c.obj
LOAD CMakeFiles/DartADC_G474.dir/Core/Src/dma.c.obj
LOAD CMakeFiles/DartADC_G474.dir/Core/Src/fdcan.c.obj
LOAD CMakeFiles/DartADC_G474.dir/Core/Src/tim.c.obj
LOAD CMakeFiles/DartADC_G474.dir/Core/Src/usart.c.obj
LOAD CMakeFiles/DartADC_G474.dir/Core/Src/stm32g4xx_it.c.obj
LOAD CMakeFiles/DartADC_G474.dir/Core/Src/stm32g4xx_hal_msp.c.obj
LOAD CMakeFiles/DartADC_G474.dir/Core/Src/sysmem.c.obj
LOAD CMakeFiles/DartADC_G474.dir/Core/Src/syscalls.c.obj
LOAD CMakeFiles/DartADC_G474.dir/startup_stm32g474xx.s.obj
LOAD D:/RM/ToolChain/ArmGNU/13.3.1/arm-gnu-toolchain-13.3.rel1-mingw-w64-i686-arm-none-eabi/bin/../lib/gcc/arm-none-eabi/13.3.1/thumb/v7e-m+fp/hard\libm.a
START GROUP
LOAD D:/RM/ToolChain/ArmGNU/13.3.1/arm-gnu-toolchain-13.3.rel1-mingw-w64-i686-arm-none-eabi/bin/../lib/gcc/arm-none-eabi/13.3.1/thumb/v7e-m+fp/hard\libgcc.a
LOAD D:/RM/ToolChain/ArmGNU/13.3.1/arm-gnu-toolchain-13.3.rel1-mingw-w64-i686-arm-none-eabi/bin/../lib/gcc/arm-none-eabi/13.3.1/thumb/v7e-m+fp/hard\libg_nano.a
LOAD D:/RM/ToolChain/ArmGNU/13.3.1/arm-gnu-toolchain-13.3.rel1-mingw-w64-i686-arm-none-eabi/bin/../lib/gcc/arm-none-eabi/13.3.1/thumb/v7e-m+fp/hard\libc_nano.a
END GROUP
START GROUP
LOAD D:/RM/ToolChain/ArmGNU/13.3.1/arm-gnu-toolchain-13.3.rel1-mingw-w64-i686-arm-none-eabi/bin/../lib/gcc/arm-none-eabi/13.3.1/thumb/v7e-m+fp/hard\libgcc.a
LOAD D:/RM/ToolChain/ArmGNU/13.3.1/arm-gnu-toolchain-13.3.rel1-mingw-w64-i686-arm-none-eabi/bin/../lib/gcc/arm-none-eabi/13.3.1/thumb/v7e-m+fp/hard\libc_nano.a
END GROUP
LOAD D:/RM/ToolChain/ArmGNU/13.3.1/arm-gnu-toolchain-13.3.rel1-mingw-w64-i686-arm-none-eabi/bin/../lib/gcc/arm-none-eabi/13.3.1/thumb/v7e-m+fp/hard/crtend.o
LOAD D:/RM/ToolChain/ArmGNU/13.3.1/arm-gnu-toolchain-13.3.rel1-mingw-w64-i686-arm-none-eabi/bin/../lib/gcc/arm-none-eabi/13.3.1/thumb/v7e-m+fp/hard/crtn.o
                0x20020000                        _estack = (ORIGIN (RAM) + LENGTH (RAM))
                0x00000200                        _Min_Heap_Size = 0x200
                0x00000400                        _Min_Stack_Size = 0x400

.isr_vector     0x08000000      0x1d8
                0x08000000                        . = ALIGN (0x4)
 *(.isr_vector)
 .isr_vector    0x08000000      0x1d8 CMakeFiles/DartADC_G474.dir/startup_stm32g474xx.s.obj
                0x08000000                g_pfnVectors
                0x080001d8                        . = ALIGN (0x4)

.text           0x080001d8     0x6c1c
                0x080001d8                        . = ALIGN (0x4)
 *(.text)
 .text          0x080001d8       0x30 D:/RM/ToolChain/ArmGNU/13.3.1/arm-gnu-toolchain-13.3.rel1-mingw-w64-i686-arm-none-eabi/bin/../lib/gcc/arm-none-eabi/13.3.1/thumb/v7e-m+fp/hard\libgcc.a(_aeabi_uldivmod.o)
                0x080001d8                __aeabi_uldivmod
 .text          0x08000208        0x4 D:/RM/ToolChain/ArmGNU/13.3.1/arm-gnu-toolchain-13.3.rel1-mingw-w64-i686-arm-none-eabi/bin/../lib/gcc/arm-none-eabi/13.3.1/thumb/v7e-m+fp/hard\libgcc.a(_dvmd_tls.o)
                0x08000208                __aeabi_idiv0
                0x08000208                __aeabi_ldiv0
 *(.text*)
 .text.deregister_tm_clones
                0x0800020c       0x1c D:/RM/ToolChain/ArmGNU/13.3.1/arm-gnu-toolchain-13.3.rel1-mingw-w64-i686-arm-none-eabi/bin/../lib/gcc/arm-none-eabi/13.3.1/thumb/v7e-m+fp/hard/crtbegin.o
 .text.register_tm_clones
                0x08000228       0x24 D:/RM/ToolChain/ArmGNU/13.3.1/arm-gnu-toolchain-13.3.rel1-mingw-w64-i686-arm-none-eabi/bin/../lib/gcc/arm-none-eabi/13.3.1/thumb/v7e-m+fp/hard/crtbegin.o
 .text.__do_global_dtors_aux
                0x0800024c       0x28 D:/RM/ToolChain/ArmGNU/13.3.1/arm-gnu-toolchain-13.3.rel1-mingw-w64-i686-arm-none-eabi/bin/../lib/gcc/arm-none-eabi/13.3.1/thumb/v7e-m+fp/hard/crtbegin.o
 .text.frame_dummy
                0x08000274       0x24 D:/RM/ToolChain/ArmGNU/13.3.1/arm-gnu-toolchain-13.3.rel1-mingw-w64-i686-arm-none-eabi/bin/../lib/gcc/arm-none-eabi/13.3.1/thumb/v7e-m+fp/hard/crtbegin.o
 .text.SystemInit
                0x08000298       0x24 cmake/stm32cubemx/CMakeFiles/STM32_Drivers.dir/__/__/Core/Src/system_stm32g4xx.c.obj
                0x08000298                SystemInit
 .text.LL_ADC_SetCommonClock
                0x080002bc       0x26 cmake/stm32cubemx/CMakeFiles/STM32_Drivers.dir/__/__/Drivers/STM32G4xx_HAL_Driver/Src/stm32g4xx_hal_adc.c.obj
 .text.LL_ADC_SetCommonPathInternalCh
                0x080002e2       0x26 cmake/stm32cubemx/CMakeFiles/STM32_Drivers.dir/__/__/Drivers/STM32G4xx_HAL_Driver/Src/stm32g4xx_hal_adc.c.obj
 .text.LL_ADC_GetCommonPathInternalCh
                0x08000308       0x1c cmake/stm32cubemx/CMakeFiles/STM32_Drivers.dir/__/__/Drivers/STM32G4xx_HAL_Driver/Src/stm32g4xx_hal_adc.c.obj
 .text.LL_ADC_SetOffset
                0x08000324       0x48 cmake/stm32cubemx/CMakeFiles/STM32_Drivers.dir/__/__/Drivers/STM32G4xx_HAL_Driver/Src/stm32g4xx_hal_adc.c.obj
 .text.LL_ADC_GetOffsetChannel
                0x0800036c       0x2c cmake/stm32cubemx/CMakeFiles/STM32_Drivers.dir/__/__/Drivers/STM32G4xx_HAL_Driver/Src/stm32g4xx_hal_adc.c.obj
 .text.LL_ADC_SetOffsetState
                0x08000398       0x36 cmake/stm32cubemx/CMakeFiles/STM32_Drivers.dir/__/__/Drivers/STM32G4xx_HAL_Driver/Src/stm32g4xx_hal_adc.c.obj
 .text.LL_ADC_SetOffsetSign
                0x080003ce       0x36 cmake/stm32cubemx/CMakeFiles/STM32_Drivers.dir/__/__/Drivers/STM32G4xx_HAL_Driver/Src/stm32g4xx_hal_adc.c.obj
 .text.LL_ADC_SetOffsetSaturation
                0x08000404       0x36 cmake/stm32cubemx/CMakeFiles/STM32_Drivers.dir/__/__/Drivers/STM32G4xx_HAL_Driver/Src/stm32g4xx_hal_adc.c.obj
 .text.LL_ADC_SetSamplingTimeCommonConfig
                0x0800043a       0x26 cmake/stm32cubemx/CMakeFiles/STM32_Drivers.dir/__/__/Drivers/STM32G4xx_HAL_Driver/Src/stm32g4xx_hal_adc.c.obj
 .text.LL_ADC_REG_IsTriggerSourceSWStart
                0x08000460       0x26 cmake/stm32cubemx/CMakeFiles/STM32_Drivers.dir/__/__/Drivers/STM32G4xx_HAL_Driver/Src/stm32g4xx_hal_adc.c.obj
 .text.LL_ADC_REG_SetSequencerRanks
                0x08000486       0x58 cmake/stm32cubemx/CMakeFiles/STM32_Drivers.dir/__/__/Drivers/STM32G4xx_HAL_Driver/Src/stm32g4xx_hal_adc.c.obj
 .text.LL_ADC_INJ_IsTriggerSourceSWStart
                0x080004de       0x26 cmake/stm32cubemx/CMakeFiles/STM32_Drivers.dir/__/__/Drivers/STM32G4xx_HAL_Driver/Src/stm32g4xx_hal_adc.c.obj
 .text.LL_ADC_SetChannelSamplingTime
                0x08000504       0x56 cmake/stm32cubemx/CMakeFiles/STM32_Drivers.dir/__/__/Drivers/STM32G4xx_HAL_Driver/Src/stm32g4xx_hal_adc.c.obj
 *fill*         0x0800055a        0x2 
 .text.LL_ADC_SetChannelSingleDiff
                0x0800055c       0x48 cmake/stm32cubemx/CMakeFiles/STM32_Drivers.dir/__/__/Drivers/STM32G4xx_HAL_Driver/Src/stm32g4xx_hal_adc.c.obj
 .text.LL_ADC_GetMultimode
                0x080005a4       0x1c cmake/stm32cubemx/CMakeFiles/STM32_Drivers.dir/__/__/Drivers/STM32G4xx_HAL_Driver/Src/stm32g4xx_hal_adc.c.obj
 .text.LL_ADC_GetMultiDMATransfer
                0x080005c0       0x1c cmake/stm32cubemx/CMakeFiles/STM32_Drivers.dir/__/__/Drivers/STM32G4xx_HAL_Driver/Src/stm32g4xx_hal_adc.c.obj
 .text.LL_ADC_DisableDeepPowerDown
                0x080005dc       0x24 cmake/stm32cubemx/CMakeFiles/STM32_Drivers.dir/__/__/Drivers/STM32G4xx_HAL_Driver/Src/stm32g4xx_hal_adc.c.obj
 .text.LL_ADC_IsDeepPowerDownEnabled
                0x08000600       0x28 cmake/stm32cubemx/CMakeFiles/STM32_Drivers.dir/__/__/Drivers/STM32G4xx_HAL_Driver/Src/stm32g4xx_hal_adc.c.obj
 .text.LL_ADC_EnableInternalRegulator
                0x08000628       0x28 cmake/stm32cubemx/CMakeFiles/STM32_Drivers.dir/__/__/Drivers/STM32G4xx_HAL_Driver/Src/stm32g4xx_hal_adc.c.obj
 .text.LL_ADC_IsInternalRegulatorEnabled
                0x08000650       0x28 cmake/stm32cubemx/CMakeFiles/STM32_Drivers.dir/__/__/Drivers/STM32G4xx_HAL_Driver/Src/stm32g4xx_hal_adc.c.obj
 .text.LL_ADC_Enable
                0x08000678       0x28 cmake/stm32cubemx/CMakeFiles/STM32_Drivers.dir/__/__/Drivers/STM32G4xx_HAL_Driver/Src/stm32g4xx_hal_adc.c.obj
 .text.LL_ADC_Disable
                0x080006a0       0x28 cmake/stm32cubemx/CMakeFiles/STM32_Drivers.dir/__/__/Drivers/STM32G4xx_HAL_Driver/Src/stm32g4xx_hal_adc.c.obj
 .text.LL_ADC_IsEnabled
                0x080006c8       0x26 cmake/stm32cubemx/CMakeFiles/STM32_Drivers.dir/__/__/Drivers/STM32G4xx_HAL_Driver/Src/stm32g4xx_hal_adc.c.obj
 .text.LL_ADC_IsDisableOngoing
                0x080006ee       0x26 cmake/stm32cubemx/CMakeFiles/STM32_Drivers.dir/__/__/Drivers/STM32G4xx_HAL_Driver/Src/stm32g4xx_hal_adc.c.obj
 .text.LL_ADC_REG_StartConversion
                0x08000714       0x28 cmake/stm32cubemx/CMakeFiles/STM32_Drivers.dir/__/__/Drivers/STM32G4xx_HAL_Driver/Src/stm32g4xx_hal_adc.c.obj
 .text.LL_ADC_REG_IsConversionOngoing
                0x0800073c       0x26 cmake/stm32cubemx/CMakeFiles/STM32_Drivers.dir/__/__/Drivers/STM32G4xx_HAL_Driver/Src/stm32g4xx_hal_adc.c.obj
 .text.LL_ADC_INJ_IsConversionOngoing
                0x08000762       0x26 cmake/stm32cubemx/CMakeFiles/STM32_Drivers.dir/__/__/Drivers/STM32G4xx_HAL_Driver/Src/stm32g4xx_hal_adc.c.obj
 .text.HAL_ADC_Init
                0x08000788      0x378 cmake/stm32cubemx/CMakeFiles/STM32_Drivers.dir/__/__/Drivers/STM32G4xx_HAL_Driver/Src/stm32g4xx_hal_adc.c.obj
                0x08000788                HAL_ADC_Init
 .text.HAL_ADC_Start_DMA
                0x08000b00      0x1a8 cmake/stm32cubemx/CMakeFiles/STM32_Drivers.dir/__/__/Drivers/STM32G4xx_HAL_Driver/Src/stm32g4xx_hal_adc.c.obj
                0x08000b00                HAL_ADC_Start_DMA
 .text.HAL_ADC_IRQHandler
                0x08000ca8      0x4c0 cmake/stm32cubemx/CMakeFiles/STM32_Drivers.dir/__/__/Drivers/STM32G4xx_HAL_Driver/Src/stm32g4xx_hal_adc.c.obj
                0x08000ca8                HAL_ADC_IRQHandler
 .text.HAL_ADC_ConvHalfCpltCallback
                0x08001168       0x14 cmake/stm32cubemx/CMakeFiles/STM32_Drivers.dir/__/__/Drivers/STM32G4xx_HAL_Driver/Src/stm32g4xx_hal_adc.c.obj
                0x08001168                HAL_ADC_ConvHalfCpltCallback
 .text.HAL_ADC_LevelOutOfWindowCallback
                0x0800117c       0x14 cmake/stm32cubemx/CMakeFiles/STM32_Drivers.dir/__/__/Drivers/STM32G4xx_HAL_Driver/Src/stm32g4xx_hal_adc.c.obj
                0x0800117c                HAL_ADC_LevelOutOfWindowCallback
 .text.HAL_ADC_ErrorCallback
                0x08001190       0x14 cmake/stm32cubemx/CMakeFiles/STM32_Drivers.dir/__/__/Drivers/STM32G4xx_HAL_Driver/Src/stm32g4xx_hal_adc.c.obj
                0x08001190                HAL_ADC_ErrorCallback
 .text.HAL_ADC_ConfigChannel
                0x080011a4      0x880 cmake/stm32cubemx/CMakeFiles/STM32_Drivers.dir/__/__/Drivers/STM32G4xx_HAL_Driver/Src/stm32g4xx_hal_adc.c.obj
                0x080011a4                HAL_ADC_ConfigChannel
 .text.ADC_Enable
                0x08001a24      0x12c cmake/stm32cubemx/CMakeFiles/STM32_Drivers.dir/__/__/Drivers/STM32G4xx_HAL_Driver/Src/stm32g4xx_hal_adc.c.obj
                0x08001a24                ADC_Enable
 .text.ADC_Disable
                0x08001b50       0xbe cmake/stm32cubemx/CMakeFiles/STM32_Drivers.dir/__/__/Drivers/STM32G4xx_HAL_Driver/Src/stm32g4xx_hal_adc.c.obj
                0x08001b50                ADC_Disable
 .text.ADC_DMAConvCplt
                0x08001c0e       0xd8 cmake/stm32cubemx/CMakeFiles/STM32_Drivers.dir/__/__/Drivers/STM32G4xx_HAL_Driver/Src/stm32g4xx_hal_adc.c.obj
                0x08001c0e                ADC_DMAConvCplt
 .text.ADC_DMAHalfConvCplt
                0x08001ce6       0x1c cmake/stm32cubemx/CMakeFiles/STM32_Drivers.dir/__/__/Drivers/STM32G4xx_HAL_Driver/Src/stm32g4xx_hal_adc.c.obj
                0x08001ce6                ADC_DMAHalfConvCplt
 .text.ADC_DMAError
                0x08001d02       0x34 cmake/stm32cubemx/CMakeFiles/STM32_Drivers.dir/__/__/Drivers/STM32G4xx_HAL_Driver/Src/stm32g4xx_hal_adc.c.obj
                0x08001d02                ADC_DMAError
 .text.LL_ADC_IsEnabled
                0x08001d36       0x26 cmake/stm32cubemx/CMakeFiles/STM32_Drivers.dir/__/__/Drivers/STM32G4xx_HAL_Driver/Src/stm32g4xx_hal_adc_ex.c.obj
 .text.LL_ADC_StartCalibration
                0x08001d5c       0x32 cmake/stm32cubemx/CMakeFiles/STM32_Drivers.dir/__/__/Drivers/STM32G4xx_HAL_Driver/Src/stm32g4xx_hal_adc_ex.c.obj
 .text.LL_ADC_IsCalibrationOnGoing
                0x08001d8e       0x28 cmake/stm32cubemx/CMakeFiles/STM32_Drivers.dir/__/__/Drivers/STM32G4xx_HAL_Driver/Src/stm32g4xx_hal_adc_ex.c.obj
 .text.LL_ADC_REG_IsConversionOngoing
                0x08001db6       0x26 cmake/stm32cubemx/CMakeFiles/STM32_Drivers.dir/__/__/Drivers/STM32G4xx_HAL_Driver/Src/stm32g4xx_hal_adc_ex.c.obj
 .text.HAL_ADCEx_Calibration_Start
                0x08001ddc       0xc4 cmake/stm32cubemx/CMakeFiles/STM32_Drivers.dir/__/__/Drivers/STM32G4xx_HAL_Driver/Src/stm32g4xx_hal_adc_ex.c.obj
                0x08001ddc                HAL_ADCEx_Calibration_Start
 .text.HAL_ADCEx_InjectedConvCpltCallback
                0x08001ea0       0x14 cmake/stm32cubemx/CMakeFiles/STM32_Drivers.dir/__/__/Drivers/STM32G4xx_HAL_Driver/Src/stm32g4xx_hal_adc_ex.c.obj
                0x08001ea0                HAL_ADCEx_InjectedConvCpltCallback
 .text.HAL_ADCEx_InjectedQueueOverflowCallback
                0x08001eb4       0x14 cmake/stm32cubemx/CMakeFiles/STM32_Drivers.dir/__/__/Drivers/STM32G4xx_HAL_Driver/Src/stm32g4xx_hal_adc_ex.c.obj
                0x08001eb4                HAL_ADCEx_InjectedQueueOverflowCallback
 .text.HAL_ADCEx_LevelOutOfWindow2Callback
                0x08001ec8       0x14 cmake/stm32cubemx/CMakeFiles/STM32_Drivers.dir/__/__/Drivers/STM32G4xx_HAL_Driver/Src/stm32g4xx_hal_adc_ex.c.obj
                0x08001ec8                HAL_ADCEx_LevelOutOfWindow2Callback
 .text.HAL_ADCEx_LevelOutOfWindow3Callback
                0x08001edc       0x14 cmake/stm32cubemx/CMakeFiles/STM32_Drivers.dir/__/__/Drivers/STM32G4xx_HAL_Driver/Src/stm32g4xx_hal_adc_ex.c.obj
                0x08001edc                HAL_ADCEx_LevelOutOfWindow3Callback
 .text.HAL_ADCEx_EndOfSamplingCallback
                0x08001ef0       0x14 cmake/stm32cubemx/CMakeFiles/STM32_Drivers.dir/__/__/Drivers/STM32G4xx_HAL_Driver/Src/stm32g4xx_hal_adc_ex.c.obj
                0x08001ef0                HAL_ADCEx_EndOfSamplingCallback
 .text.HAL_ADCEx_MultiModeConfigChannel
                0x08001f04      0x210 cmake/stm32cubemx/CMakeFiles/STM32_Drivers.dir/__/__/Drivers/STM32G4xx_HAL_Driver/Src/stm32g4xx_hal_adc_ex.c.obj
                0x08001f04                HAL_ADCEx_MultiModeConfigChannel
 .text.HAL_Init
                0x08002114       0x30 cmake/stm32cubemx/CMakeFiles/STM32_Drivers.dir/__/__/Drivers/STM32G4xx_HAL_Driver/Src/stm32g4xx_hal.c.obj
                0x08002114                HAL_Init
 .text.HAL_InitTick
                0x08002144       0x74 cmake/stm32cubemx/CMakeFiles/STM32_Drivers.dir/__/__/Drivers/STM32G4xx_HAL_Driver/Src/stm32g4xx_hal.c.obj
                0x08002144                HAL_InitTick
 .text.HAL_IncTick
                0x080021b8       0x24 cmake/stm32cubemx/CMakeFiles/STM32_Drivers.dir/__/__/Drivers/STM32G4xx_HAL_Driver/Src/stm32g4xx_hal.c.obj
                0x080021b8                HAL_IncTick
 .text.HAL_GetTick
                0x080021dc       0x18 cmake/stm32cubemx/CMakeFiles/STM32_Drivers.dir/__/__/Drivers/STM32G4xx_HAL_Driver/Src/stm32g4xx_hal.c.obj
                0x080021dc                HAL_GetTick
 .text.HAL_RCC_OscConfig
                0x080021f4      0x624 cmake/stm32cubemx/CMakeFiles/STM32_Drivers.dir/__/__/Drivers/STM32G4xx_HAL_Driver/Src/stm32g4xx_hal_rcc.c.obj
                0x080021f4                HAL_RCC_OscConfig
 .text.HAL_RCC_ClockConfig
                0x08002818      0x278 cmake/stm32cubemx/CMakeFiles/STM32_Drivers.dir/__/__/Drivers/STM32G4xx_HAL_Driver/Src/stm32g4xx_hal_rcc.c.obj
                0x08002818                HAL_RCC_ClockConfig
 .text.HAL_RCC_GetSysClockFreq
                0x08002a90       0xc4 cmake/stm32cubemx/CMakeFiles/STM32_Drivers.dir/__/__/Drivers/STM32G4xx_HAL_Driver/Src/stm32g4xx_hal_rcc.c.obj
                0x08002a90                HAL_RCC_GetSysClockFreq
 .text.HAL_RCC_GetHCLKFreq
                0x08002b54       0x18 cmake/stm32cubemx/CMakeFiles/STM32_Drivers.dir/__/__/Drivers/STM32G4xx_HAL_Driver/Src/stm32g4xx_hal_rcc.c.obj
                0x08002b54                HAL_RCC_GetHCLKFreq
 .text.HAL_RCC_GetPCLK1Freq
                0x08002b6c       0x2c cmake/stm32cubemx/CMakeFiles/STM32_Drivers.dir/__/__/Drivers/STM32G4xx_HAL_Driver/Src/stm32g4xx_hal_rcc.c.obj
                0x08002b6c                HAL_RCC_GetPCLK1Freq
 .text.HAL_RCC_GetPCLK2Freq
                0x08002b98       0x2c cmake/stm32cubemx/CMakeFiles/STM32_Drivers.dir/__/__/Drivers/STM32G4xx_HAL_Driver/Src/stm32g4xx_hal_rcc.c.obj
                0x08002b98                HAL_RCC_GetPCLK2Freq
 .text.RCC_GetSysClockFreqFromPLLSource
                0x08002bc4       0x8c cmake/stm32cubemx/CMakeFiles/STM32_Drivers.dir/__/__/Drivers/STM32G4xx_HAL_Driver/Src/stm32g4xx_hal_rcc.c.obj
 .text.HAL_RCCEx_PeriphCLKConfig
                0x08002c50      0x49c cmake/stm32cubemx/CMakeFiles/STM32_Drivers.dir/__/__/Drivers/STM32G4xx_HAL_Driver/Src/stm32g4xx_hal_rcc_ex.c.obj
                0x08002c50                HAL_RCCEx_PeriphCLKConfig
 .text.HAL_GPIO_Init
                0x080030ec      0x318 cmake/stm32cubemx/CMakeFiles/STM32_Drivers.dir/__/__/Drivers/STM32G4xx_HAL_Driver/Src/stm32g4xx_hal_gpio.c.obj
                0x080030ec                HAL_GPIO_Init
 .text.HAL_DMA_Init
                0x08003404      0x150 cmake/stm32cubemx/CMakeFiles/STM32_Drivers.dir/__/__/Drivers/STM32G4xx_HAL_Driver/Src/stm32g4xx_hal_dma.c.obj
                0x08003404                HAL_DMA_Init
 .text.HAL_DMA_Start_IT
                0x08003554       0xf6 cmake/stm32cubemx/CMakeFiles/STM32_Drivers.dir/__/__/Drivers/STM32G4xx_HAL_Driver/Src/stm32g4xx_hal_dma.c.obj
                0x08003554                HAL_DMA_Start_IT
 .text.HAL_DMA_Abort
                0x0800364a       0xbc cmake/stm32cubemx/CMakeFiles/STM32_Drivers.dir/__/__/Drivers/STM32G4xx_HAL_Driver/Src/stm32g4xx_hal_dma.c.obj
                0x0800364a                HAL_DMA_Abort
 .text.HAL_DMA_Abort_IT
                0x08003706       0xce cmake/stm32cubemx/CMakeFiles/STM32_Drivers.dir/__/__/Drivers/STM32G4xx_HAL_Driver/Src/stm32g4xx_hal_dma.c.obj
                0x08003706                HAL_DMA_Abort_IT
 .text.HAL_DMA_IRQHandler
                0x080037d4      0x15e cmake/stm32cubemx/CMakeFiles/STM32_Drivers.dir/__/__/Drivers/STM32G4xx_HAL_Driver/Src/stm32g4xx_hal_dma.c.obj
                0x080037d4                HAL_DMA_IRQHandler
 .text.DMA_SetConfig
                0x08003932       0x7c cmake/stm32cubemx/CMakeFiles/STM32_Drivers.dir/__/__/Drivers/STM32G4xx_HAL_Driver/Src/stm32g4xx_hal_dma.c.obj
 *fill*         0x080039ae        0x2 
 .text.DMA_CalcDMAMUXChannelBaseAndMask
                0x080039b0       0x90 cmake/stm32cubemx/CMakeFiles/STM32_Drivers.dir/__/__/Drivers/STM32G4xx_HAL_Driver/Src/stm32g4xx_hal_dma.c.obj
 .text.DMA_CalcDMAMUXRequestGenBaseAndMask
                0x08003a40       0x4c cmake/stm32cubemx/CMakeFiles/STM32_Drivers.dir/__/__/Drivers/STM32G4xx_HAL_Driver/Src/stm32g4xx_hal_dma.c.obj
 .text.HAL_PWREx_ControlVoltageScaling
                0x08003a8c      0x148 cmake/stm32cubemx/CMakeFiles/STM32_Drivers.dir/__/__/Drivers/STM32G4xx_HAL_Driver/Src/stm32g4xx_hal_pwr_ex.c.obj
                0x08003a8c                HAL_PWREx_ControlVoltageScaling
 .text.HAL_PWREx_DisableUCPDDeadBattery
                0x08003bd4       0x20 cmake/stm32cubemx/CMakeFiles/STM32_Drivers.dir/__/__/Drivers/STM32G4xx_HAL_Driver/Src/stm32g4xx_hal_pwr_ex.c.obj
                0x08003bd4                HAL_PWREx_DisableUCPDDeadBattery
 .text.__NVIC_SetPriorityGrouping
                0x08003bf4       0x48 cmake/stm32cubemx/CMakeFiles/STM32_Drivers.dir/__/__/Drivers/STM32G4xx_HAL_Driver/Src/stm32g4xx_hal_cortex.c.obj
 .text.__NVIC_GetPriorityGrouping
                0x08003c3c       0x1c cmake/stm32cubemx/CMakeFiles/STM32_Drivers.dir/__/__/Drivers/STM32G4xx_HAL_Driver/Src/stm32g4xx_hal_cortex.c.obj
 .text.__NVIC_EnableIRQ
                0x08003c58       0x3c cmake/stm32cubemx/CMakeFiles/STM32_Drivers.dir/__/__/Drivers/STM32G4xx_HAL_Driver/Src/stm32g4xx_hal_cortex.c.obj
 .text.__NVIC_SetPriority
                0x08003c94       0x54 cmake/stm32cubemx/CMakeFiles/STM32_Drivers.dir/__/__/Drivers/STM32G4xx_HAL_Driver/Src/stm32g4xx_hal_cortex.c.obj
 .text.NVIC_EncodePriority
                0x08003ce8       0x66 cmake/stm32cubemx/CMakeFiles/STM32_Drivers.dir/__/__/Drivers/STM32G4xx_HAL_Driver/Src/stm32g4xx_hal_cortex.c.obj
 *fill*         0x08003d4e        0x2 
 .text.SysTick_Config
                0x08003d50       0x44 cmake/stm32cubemx/CMakeFiles/STM32_Drivers.dir/__/__/Drivers/STM32G4xx_HAL_Driver/Src/stm32g4xx_hal_cortex.c.obj
 .text.HAL_NVIC_SetPriorityGrouping
                0x08003d94       0x16 cmake/stm32cubemx/CMakeFiles/STM32_Drivers.dir/__/__/Drivers/STM32G4xx_HAL_Driver/Src/stm32g4xx_hal_cortex.c.obj
                0x08003d94                HAL_NVIC_SetPriorityGrouping
 .text.HAL_NVIC_SetPriority
                0x08003daa       0x34 cmake/stm32cubemx/CMakeFiles/STM32_Drivers.dir/__/__/Drivers/STM32G4xx_HAL_Driver/Src/stm32g4xx_hal_cortex.c.obj
                0x08003daa                HAL_NVIC_SetPriority
 .text.HAL_NVIC_EnableIRQ
                0x08003dde       0x1c cmake/stm32cubemx/CMakeFiles/STM32_Drivers.dir/__/__/Drivers/STM32G4xx_HAL_Driver/Src/stm32g4xx_hal_cortex.c.obj
                0x08003dde                HAL_NVIC_EnableIRQ
 .text.HAL_SYSTICK_Config
                0x08003dfa       0x18 cmake/stm32cubemx/CMakeFiles/STM32_Drivers.dir/__/__/Drivers/STM32G4xx_HAL_Driver/Src/stm32g4xx_hal_cortex.c.obj
                0x08003dfa                HAL_SYSTICK_Config
 *fill*         0x08003e12        0x2 
 .text.HAL_FDCAN_Init
                0x08003e14      0x2b4 cmake/stm32cubemx/CMakeFiles/STM32_Drivers.dir/__/__/Drivers/STM32G4xx_HAL_Driver/Src/stm32g4xx_hal_fdcan.c.obj
                0x08003e14                HAL_FDCAN_Init
 .text.FDCAN_CalcultateRamBlockAddresses
                0x080040c8       0xd8 cmake/stm32cubemx/CMakeFiles/STM32_Drivers.dir/__/__/Drivers/STM32G4xx_HAL_Driver/Src/stm32g4xx_hal_fdcan.c.obj
 .text.HAL_TIM_Base_Init
                0x080041a0       0xae cmake/stm32cubemx/CMakeFiles/STM32_Drivers.dir/__/__/Drivers/STM32G4xx_HAL_Driver/Src/stm32g4xx_hal_tim.c.obj
                0x080041a0                HAL_TIM_Base_Init
 *fill*         0x0800424e        0x2 
 .text.HAL_TIM_Base_Start
                0x08004250       0xe0 cmake/stm32cubemx/CMakeFiles/STM32_Drivers.dir/__/__/Drivers/STM32G4xx_HAL_Driver/Src/stm32g4xx_hal_tim.c.obj
                0x08004250                HAL_TIM_Base_Start
 .text.TIM_Base_SetConfig
                0x08004330      0x15c cmake/stm32cubemx/CMakeFiles/STM32_Drivers.dir/__/__/Drivers/STM32G4xx_HAL_Driver/Src/stm32g4xx_hal_tim.c.obj
                0x08004330                TIM_Base_SetConfig
 .text.HAL_TIMEx_MasterConfigSynchronization
                0x0800448c      0x12c cmake/stm32cubemx/CMakeFiles/STM32_Drivers.dir/__/__/Drivers/STM32G4xx_HAL_Driver/Src/stm32g4xx_hal_tim_ex.c.obj
                0x0800448c                HAL_TIMEx_MasterConfigSynchronization
 .text.HAL_UART_Init
                0x080045b8       0xa0 cmake/stm32cubemx/CMakeFiles/STM32_Drivers.dir/__/__/Drivers/STM32G4xx_HAL_Driver/Src/stm32g4xx_hal_uart.c.obj
                0x080045b8                HAL_UART_Init
 .text.HAL_UART_Transmit_DMA
                0x08004658      0x100 cmake/stm32cubemx/CMakeFiles/STM32_Drivers.dir/__/__/Drivers/STM32G4xx_HAL_Driver/Src/stm32g4xx_hal_uart.c.obj
                0x08004658                HAL_UART_Transmit_DMA
 .text.HAL_UART_IRQHandler
                0x08004758      0x684 cmake/stm32cubemx/CMakeFiles/STM32_Drivers.dir/__/__/Drivers/STM32G4xx_HAL_Driver/Src/stm32g4xx_hal_uart.c.obj
                0x08004758                HAL_UART_IRQHandler
 .text.HAL_UART_TxHalfCpltCallback
                0x08004ddc       0x14 cmake/stm32cubemx/CMakeFiles/STM32_Drivers.dir/__/__/Drivers/STM32G4xx_HAL_Driver/Src/stm32g4xx_hal_uart.c.obj
                0x08004ddc                HAL_UART_TxHalfCpltCallback
 .text.HAL_UART_ErrorCallback
                0x08004df0       0x14 cmake/stm32cubemx/CMakeFiles/STM32_Drivers.dir/__/__/Drivers/STM32G4xx_HAL_Driver/Src/stm32g4xx_hal_uart.c.obj
                0x08004df0                HAL_UART_ErrorCallback
 .text.HAL_UARTEx_RxEventCallback
                0x08004e04       0x18 cmake/stm32cubemx/CMakeFiles/STM32_Drivers.dir/__/__/Drivers/STM32G4xx_HAL_Driver/Src/stm32g4xx_hal_uart.c.obj
                0x08004e04                HAL_UARTEx_RxEventCallback
 .text.UART_SetConfig
                0x08004e1c      0x5f8 cmake/stm32cubemx/CMakeFiles/STM32_Drivers.dir/__/__/Drivers/STM32G4xx_HAL_Driver/Src/stm32g4xx_hal_uart.c.obj
                0x08004e1c                UART_SetConfig
 .text.UART_AdvFeatureConfig
                0x08005414      0x144 cmake/stm32cubemx/CMakeFiles/STM32_Drivers.dir/__/__/Drivers/STM32G4xx_HAL_Driver/Src/stm32g4xx_hal_uart.c.obj
                0x08005414                UART_AdvFeatureConfig
 .text.UART_CheckIdleState
                0x08005558      0x154 cmake/stm32cubemx/CMakeFiles/STM32_Drivers.dir/__/__/Drivers/STM32G4xx_HAL_Driver/Src/stm32g4xx_hal_uart.c.obj
                0x08005558                UART_CheckIdleState
 .text.UART_WaitOnFlagUntilTimeout
                0x080056ac       0xda cmake/stm32cubemx/CMakeFiles/STM32_Drivers.dir/__/__/Drivers/STM32G4xx_HAL_Driver/Src/stm32g4xx_hal_uart.c.obj
                0x080056ac                UART_WaitOnFlagUntilTimeout
 .text.UART_EndTxTransfer
                0x08005786       0x82 cmake/stm32cubemx/CMakeFiles/STM32_Drivers.dir/__/__/Drivers/STM32G4xx_HAL_Driver/Src/stm32g4xx_hal_uart.c.obj
 .text.UART_EndRxTransfer
                0x08005808       0xcc cmake/stm32cubemx/CMakeFiles/STM32_Drivers.dir/__/__/Drivers/STM32G4xx_HAL_Driver/Src/stm32g4xx_hal_uart.c.obj
 .text.UART_DMATransmitCplt
                0x080058d4       0x9a cmake/stm32cubemx/CMakeFiles/STM32_Drivers.dir/__/__/Drivers/STM32G4xx_HAL_Driver/Src/stm32g4xx_hal_uart.c.obj
 .text.UART_DMATxHalfCplt
                0x0800596e       0x1c cmake/stm32cubemx/CMakeFiles/STM32_Drivers.dir/__/__/Drivers/STM32G4xx_HAL_Driver/Src/stm32g4xx_hal_uart.c.obj
 .text.UART_DMAError
                0x0800598a       0x70 cmake/stm32cubemx/CMakeFiles/STM32_Drivers.dir/__/__/Drivers/STM32G4xx_HAL_Driver/Src/stm32g4xx_hal_uart.c.obj
 .text.UART_DMAAbortOnError
                0x080059fa       0x1c cmake/stm32cubemx/CMakeFiles/STM32_Drivers.dir/__/__/Drivers/STM32G4xx_HAL_Driver/Src/stm32g4xx_hal_uart.c.obj
 .text.UART_EndTransmit_IT
                0x08005a16       0x56 cmake/stm32cubemx/CMakeFiles/STM32_Drivers.dir/__/__/Drivers/STM32G4xx_HAL_Driver/Src/stm32g4xx_hal_uart.c.obj
 .text.HAL_UARTEx_WakeupCallback
                0x08005a6c       0x14 cmake/stm32cubemx/CMakeFiles/STM32_Drivers.dir/__/__/Drivers/STM32G4xx_HAL_Driver/Src/stm32g4xx_hal_uart_ex.c.obj
                0x08005a6c                HAL_UARTEx_WakeupCallback
 .text.HAL_UARTEx_RxFifoFullCallback
                0x08005a80       0x14 cmake/stm32cubemx/CMakeFiles/STM32_Drivers.dir/__/__/Drivers/STM32G4xx_HAL_Driver/Src/stm32g4xx_hal_uart_ex.c.obj
                0x08005a80                HAL_UARTEx_RxFifoFullCallback
 .text.HAL_UARTEx_TxFifoEmptyCallback
                0x08005a94       0x14 cmake/stm32cubemx/CMakeFiles/STM32_Drivers.dir/__/__/Drivers/STM32G4xx_HAL_Driver/Src/stm32g4xx_hal_uart_ex.c.obj
                0x08005a94                HAL_UARTEx_TxFifoEmptyCallback
 .text.HAL_UARTEx_DisableFifoMode
                0x08005aa8       0x72 cmake/stm32cubemx/CMakeFiles/STM32_Drivers.dir/__/__/Drivers/STM32G4xx_HAL_Driver/Src/stm32g4xx_hal_uart_ex.c.obj
                0x08005aa8                HAL_UARTEx_DisableFifoMode
 .text.HAL_UARTEx_SetTxFifoThreshold
                0x08005b1a       0x7c cmake/stm32cubemx/CMakeFiles/STM32_Drivers.dir/__/__/Drivers/STM32G4xx_HAL_Driver/Src/stm32g4xx_hal_uart_ex.c.obj
                0x08005b1a                HAL_UARTEx_SetTxFifoThreshold
 .text.HAL_UARTEx_SetRxFifoThreshold
                0x08005b96       0x7c cmake/stm32cubemx/CMakeFiles/STM32_Drivers.dir/__/__/Drivers/STM32G4xx_HAL_Driver/Src/stm32g4xx_hal_uart_ex.c.obj
                0x08005b96                HAL_UARTEx_SetRxFifoThreshold
 *fill*         0x08005c12        0x2 
 .text.UARTEx_SetNbDataToProcess
                0x08005c14       0x9c cmake/stm32cubemx/CMakeFiles/STM32_Drivers.dir/__/__/Drivers/STM32G4xx_HAL_Driver/Src/stm32g4xx_hal_uart_ex.c.obj
 .text.ForceSensor_Init
                0x08005cb0       0x48 CMakeFiles/DartADC_G474.dir/Core/Src/main.c.obj
                0x08005cb0                ForceSensor_Init
 .text.ForceSensor_UpdateIfNewSamples
                0x08005cf8       0xa8 CMakeFiles/DartADC_G474.dir/Core/Src/main.c.obj
                0x08005cf8                ForceSensor_UpdateIfNewSamples
 .text.ForceSensor_AdcToKg
                0x08005da0       0xb8 CMakeFiles/DartADC_G474.dir/Core/Src/main.c.obj
                0x08005da0                ForceSensor_AdcToKg
 .text.ForceSensor_SendPacket
                0x08005e58       0x54 CMakeFiles/DartADC_G474.dir/Core/Src/main.c.obj
                0x08005e58                ForceSensor_SendPacket
 .text.main     0x08005eac       0x54 CMakeFiles/DartADC_G474.dir/Core/Src/main.c.obj
                0x08005eac                main
 .text.SystemClock_Config
                0x08005f00       0x92 CMakeFiles/DartADC_G474.dir/Core/Src/main.c.obj
                0x08005f00                SystemClock_Config
 *fill*         0x08005f92        0x2 
 .text.HAL_ADC_ConvCpltCallback
                0x08005f94       0x4c CMakeFiles/DartADC_G474.dir/Core/Src/main.c.obj
                0x08005f94                HAL_ADC_ConvCpltCallback
 .text.HAL_UART_TxCpltCallback
                0x08005fe0       0x2c CMakeFiles/DartADC_G474.dir/Core/Src/main.c.obj
                0x08005fe0                HAL_UART_TxCpltCallback
 .text.Error_Handler
                0x0800600c        0xc CMakeFiles/DartADC_G474.dir/Core/Src/main.c.obj
                0x0800600c                Error_Handler
 .text.MX_GPIO_Init
                0x08006018       0x60 CMakeFiles/DartADC_G474.dir/Core/Src/gpio.c.obj
                0x08006018                MX_GPIO_Init
 .text.MX_ADC1_Init
                0x08006078      0x10c CMakeFiles/DartADC_G474.dir/Core/Src/adc.c.obj
                0x08006078                MX_ADC1_Init
 .text.MX_ADC2_Init
                0x08006184       0xe8 CMakeFiles/DartADC_G474.dir/Core/Src/adc.c.obj
                0x08006184                MX_ADC2_Init
 .text.HAL_ADC_MspInit
                0x0800626c      0x224 CMakeFiles/DartADC_G474.dir/Core/Src/adc.c.obj
                0x0800626c                HAL_ADC_MspInit
 .text.MX_DMA_Init
                0x08006490       0x84 CMakeFiles/DartADC_G474.dir/Core/Src/dma.c.obj
                0x08006490                MX_DMA_Init
 .text.MX_FDCAN1_Init
                0x08006514       0x8c CMakeFiles/DartADC_G474.dir/Core/Src/fdcan.c.obj
                0x08006514                MX_FDCAN1_Init
 .text.HAL_FDCAN_MspInit
                0x080065a0       0xb4 CMakeFiles/DartADC_G474.dir/Core/Src/fdcan.c.obj
                0x080065a0                HAL_FDCAN_MspInit
 .text.MX_TIM6_Init
                0x08006654       0x6c CMakeFiles/DartADC_G474.dir/Core/Src/tim.c.obj
                0x08006654                MX_TIM6_Init
 .text.HAL_TIM_Base_MspInit
                0x080066c0       0x40 CMakeFiles/DartADC_G474.dir/Core/Src/tim.c.obj
                0x080066c0                HAL_TIM_Base_MspInit
 .text.MX_USART2_UART_Init
                0x08006700       0x98 CMakeFiles/DartADC_G474.dir/Core/Src/usart.c.obj
                0x08006700                MX_USART2_UART_Init
 .text.HAL_UART_MspInit
                0x08006798      0x1b4 CMakeFiles/DartADC_G474.dir/Core/Src/usart.c.obj
                0x08006798                HAL_UART_MspInit
 .text.NMI_Handler
                0x0800694c        0x8 CMakeFiles/DartADC_G474.dir/Core/Src/stm32g4xx_it.c.obj
                0x0800694c                NMI_Handler
 .text.HardFault_Handler
                0x08006954        0x8 CMakeFiles/DartADC_G474.dir/Core/Src/stm32g4xx_it.c.obj
                0x08006954                HardFault_Handler
 .text.MemManage_Handler
                0x0800695c        0x8 CMakeFiles/DartADC_G474.dir/Core/Src/stm32g4xx_it.c.obj
                0x0800695c                MemManage_Handler
 .text.BusFault_Handler
                0x08006964        0x8 CMakeFiles/DartADC_G474.dir/Core/Src/stm32g4xx_it.c.obj
                0x08006964                BusFault_Handler
 .text.UsageFault_Handler
                0x0800696c        0x8 CMakeFiles/DartADC_G474.dir/Core/Src/stm32g4xx_it.c.obj
                0x0800696c                UsageFault_Handler
 .text.SVC_Handler
                0x08006974        0xe CMakeFiles/DartADC_G474.dir/Core/Src/stm32g4xx_it.c.obj
                0x08006974                SVC_Handler
 .text.DebugMon_Handler
                0x08006982        0xe CMakeFiles/DartADC_G474.dir/Core/Src/stm32g4xx_it.c.obj
                0x08006982                DebugMon_Handler
 .text.PendSV_Handler
                0x08006990        0xe CMakeFiles/DartADC_G474.dir/Core/Src/stm32g4xx_it.c.obj
                0x08006990                PendSV_Handler
 .text.SysTick_Handler
                0x0800699e        0xc CMakeFiles/DartADC_G474.dir/Core/Src/stm32g4xx_it.c.obj
                0x0800699e                SysTick_Handler
 *fill*         0x080069aa        0x2 
 .text.DMA1_Channel1_IRQHandler
                0x080069ac       0x14 CMakeFiles/DartADC_G474.dir/Core/Src/stm32g4xx_it.c.obj
                0x080069ac                DMA1_Channel1_IRQHandler
 .text.DMA1_Channel2_IRQHandler
                0x080069c0       0x14 CMakeFiles/DartADC_G474.dir/Core/Src/stm32g4xx_it.c.obj
                0x080069c0                DMA1_Channel2_IRQHandler
 .text.DMA1_Channel3_IRQHandler
                0x080069d4       0x14 CMakeFiles/DartADC_G474.dir/Core/Src/stm32g4xx_it.c.obj
                0x080069d4                DMA1_Channel3_IRQHandler
 .text.DMA1_Channel4_IRQHandler
                0x080069e8       0x14 CMakeFiles/DartADC_G474.dir/Core/Src/stm32g4xx_it.c.obj
                0x080069e8                DMA1_Channel4_IRQHandler
 .text.ADC1_2_IRQHandler
                0x080069fc       0x1c CMakeFiles/DartADC_G474.dir/Core/Src/stm32g4xx_it.c.obj
                0x080069fc                ADC1_2_IRQHandler
 .text.USART2_IRQHandler
                0x08006a18       0x14 CMakeFiles/DartADC_G474.dir/Core/Src/stm32g4xx_it.c.obj
                0x08006a18                USART2_IRQHandler
 .text.HAL_MspInit
                0x08006a2c       0x48 CMakeFiles/DartADC_G474.dir/Core/Src/stm32g4xx_hal_msp.c.obj
                0x08006a2c                HAL_MspInit
 .text.Reset_Handler
                0x08006a74       0x50 CMakeFiles/DartADC_G474.dir/startup_stm32g474xx.s.obj
                0x08006a74                Reset_Handler
 .text.Default_Handler
                0x08006ac4        0x2 CMakeFiles/DartADC_G474.dir/startup_stm32g474xx.s.obj
                0x08006ac4                RTC_Alarm_IRQHandler
                0x08006ac4                EXTI2_IRQHandler
                0x08006ac4                TIM8_TRG_COM_IRQHandler
                0x08006ac4                TIM8_CC_IRQHandler
                0x08006ac4                HRTIM1_Master_IRQHandler
                0x08006ac4                SPI4_IRQHandler
                0x08006ac4                FDCAN3_IT0_IRQHandler
                0x08006ac4                TIM1_CC_IRQHandler
                0x08006ac4                HRTIM1_FLT_IRQHandler
                0x08006ac4                HRTIM1_TIMF_IRQHandler
                0x08006ac4                USB_HP_IRQHandler
                0x08006ac4                CORDIC_IRQHandler
                0x08006ac4                HRTIM1_TIMD_IRQHandler
                0x08006ac4                DMA2_Channel8_IRQHandler
                0x08006ac4                EXTI3_IRQHandler
                0x08006ac4                I2C3_ER_IRQHandler
                0x08006ac4                EXTI0_IRQHandler
                0x08006ac4                I2C2_EV_IRQHandler
                0x08006ac4                FPU_IRQHandler
                0x08006ac4                FDCAN1_IT1_IRQHandler
                0x08006ac4                TIM1_UP_TIM16_IRQHandler
                0x08006ac4                HRTIM1_TIME_IRQHandler
                0x08006ac4                SPI1_IRQHandler
                0x08006ac4                TIM6_DAC_IRQHandler
                0x08006ac4                HRTIM1_TIMC_IRQHandler
                0x08006ac4                TIM8_UP_IRQHandler
                0x08006ac4                DMA2_Channel2_IRQHandler
                0x08006ac4                TIM20_TRG_COM_IRQHandler
                0x08006ac4                USART3_IRQHandler
                0x08006ac4                DMA1_Channel7_IRQHandler
                0x08006ac4                UART5_IRQHandler
                0x08006ac4                ADC3_IRQHandler
                0x08006ac4                TIM4_IRQHandler
                0x08006ac4                DMA2_Channel1_IRQHandler
                0x08006ac4                QUADSPI_IRQHandler
                0x08006ac4                I2C1_EV_IRQHandler
                0x08006ac4                DMA1_Channel6_IRQHandler
                0x08006ac4                UART4_IRQHandler
                0x08006ac4                DMA2_Channel4_IRQHandler
                0x08006ac4                TIM3_IRQHandler
                0x08006ac4                RCC_IRQHandler
                0x08006ac4                TIM20_UP_IRQHandler
                0x08006ac4                Default_Handler
                0x08006ac4                DMA2_Channel7_IRQHandler
                0x08006ac4                RTC_TAMP_LSECSS_IRQHandler
                0x08006ac4                FMAC_IRQHandler
                0x08006ac4                EXTI15_10_IRQHandler
                0x08006ac4                DMA1_Channel8_IRQHandler
                0x08006ac4                HRTIM1_TIMA_IRQHandler
                0x08006ac4                TIM7_DAC_IRQHandler
                0x08006ac4                FDCAN3_IT1_IRQHandler
                0x08006ac4                TIM5_IRQHandler
                0x08006ac4                UCPD1_IRQHandler
                0x08006ac4                I2C3_EV_IRQHandler
                0x08006ac4                EXTI9_5_IRQHandler
                0x08006ac4                RTC_WKUP_IRQHandler
                0x08006ac4                PVD_PVM_IRQHandler
                0x08006ac4                SPI2_IRQHandler
                0x08006ac4                ADC5_IRQHandler
                0x08006ac4                DMA2_Channel5_IRQHandler
                0x08006ac4                CRS_IRQHandler
                0x08006ac4                DMA1_Channel5_IRQHandler
                0x08006ac4                USB_LP_IRQHandler
                0x08006ac4                EXTI4_IRQHandler
                0x08006ac4                RNG_IRQHandler
                0x08006ac4                HRTIM1_TIMB_IRQHandler
                0x08006ac4                TIM1_TRG_COM_TIM17_IRQHandler
                0x08006ac4                FDCAN2_IT1_IRQHandler
                0x08006ac4                ADC4_IRQHandler
                0x08006ac4                WWDG_IRQHandler
                0x08006ac4                I2C4_EV_IRQHandler
                0x08006ac4                FDCAN2_IT0_IRQHandler
                0x08006ac4                LPUART1_IRQHandler
                0x08006ac4                DMA2_Channel6_IRQHandler
                0x08006ac4                FDCAN1_IT0_IRQHandler
                0x08006ac4                TIM2_IRQHandler
                0x08006ac4                COMP7_IRQHandler
                0x08006ac4                COMP1_2_3_IRQHandler
                0x08006ac4                EXTI1_IRQHandler
                0x08006ac4                COMP4_5_6_IRQHandler
                0x08006ac4                TIM20_BRK_IRQHandler
                0x08006ac4                I2C2_ER_IRQHandler
                0x08006ac4                TIM8_BRK_IRQHandler
                0x08006ac4                FLASH_IRQHandler
                0x08006ac4                TIM20_CC_IRQHandler
                0x08006ac4                USART1_IRQHandler
                0x08006ac4                SPI3_IRQHandler
                0x08006ac4                I2C1_ER_IRQHandler
                0x08006ac4                FMC_IRQHandler
                0x08006ac4                LPTIM1_IRQHandler
                0x08006ac4                DMAMUX_OVR_IRQHandler
                0x08006ac4                I2C4_ER_IRQHandler
                0x08006ac4                USBWakeUp_IRQHandler
                0x08006ac4                SAI1_IRQHandler
                0x08006ac4                DMA2_Channel3_IRQHandler
                0x08006ac4                TIM1_BRK_TIM15_IRQHandler
 *fill*         0x08006ac6        0x2 
 .text.__udivmoddi4
                0x08006ac8      0x2bc D:/RM/ToolChain/ArmGNU/13.3.1/arm-gnu-toolchain-13.3.rel1-mingw-w64-i686-arm-none-eabi/bin/../lib/gcc/arm-none-eabi/13.3.1/thumb/v7e-m+fp/hard\libgcc.a(_udivmoddi4.o)
                0x08006ac8                __udivmoddi4
 .text.memset   0x08006d84       0x10 D:/RM/ToolChain/ArmGNU/13.3.1/arm-gnu-toolchain-13.3.rel1-mingw-w64-i686-arm-none-eabi/bin/../lib/gcc/arm-none-eabi/13.3.1/thumb/v7e-m+fp/hard\libg_nano.a(libc_a-memset.o)
                0x08006d84                memset
 .text.__libc_init_array
                0x08006d94       0x48 D:/RM/ToolChain/ArmGNU/13.3.1/arm-gnu-toolchain-13.3.rel1-mingw-w64-i686-arm-none-eabi/bin/../lib/gcc/arm-none-eabi/13.3.1/thumb/v7e-m+fp/hard\libg_nano.a(libc_a-init.o)
                0x08006d94                __libc_init_array
 *(.glue_7)
 .glue_7        0x08006ddc        0x0 linker stubs
 *(.glue_7t)
 .glue_7t       0x08006ddc        0x0 linker stubs
 *(.eh_frame)
 .eh_frame      0x08006ddc        0x0 D:/RM/ToolChain/ArmGNU/13.3.1/arm-gnu-toolchain-13.3.rel1-mingw-w64-i686-arm-none-eabi/bin/../lib/gcc/arm-none-eabi/13.3.1/thumb/v7e-m+fp/hard/crtbegin.o
 *(.init)
 .init          0x08006ddc        0x4 D:/RM/ToolChain/ArmGNU/13.3.1/arm-gnu-toolchain-13.3.rel1-mingw-w64-i686-arm-none-eabi/bin/../lib/gcc/arm-none-eabi/13.3.1/thumb/v7e-m+fp/hard/crti.o
                0x08006ddc                _init
 .init          0x08006de0        0x8 D:/RM/ToolChain/ArmGNU/13.3.1/arm-gnu-toolchain-13.3.rel1-mingw-w64-i686-arm-none-eabi/bin/../lib/gcc/arm-none-eabi/13.3.1/thumb/v7e-m+fp/hard/crtn.o
 *(.fini)
 .fini          0x08006de8        0x4 D:/RM/ToolChain/ArmGNU/13.3.1/arm-gnu-toolchain-13.3.rel1-mingw-w64-i686-arm-none-eabi/bin/../lib/gcc/arm-none-eabi/13.3.1/thumb/v7e-m+fp/hard/crti.o
                0x08006de8                _fini
 .fini          0x08006dec        0x8 D:/RM/ToolChain/ArmGNU/13.3.1/arm-gnu-toolchain-13.3.rel1-mingw-w64-i686-arm-none-eabi/bin/../lib/gcc/arm-none-eabi/13.3.1/thumb/v7e-m+fp/hard/crtn.o
                0x08006df4                        . = ALIGN (0x4)
                0x08006df4                        _etext = .

.vfp11_veneer   0x08006df4        0x0
 .vfp11_veneer  0x08006df4        0x0 linker stubs

.v4_bx          0x08006df4        0x0
 .v4_bx         0x08006df4        0x0 linker stubs

.iplt           0x08006df4        0x0
 .iplt          0x08006df4        0x0 D:/RM/ToolChain/ArmGNU/13.3.1/arm-gnu-toolchain-13.3.rel1-mingw-w64-i686-arm-none-eabi/bin/../lib/gcc/arm-none-eabi/13.3.1/thumb/v7e-m+fp/hard/crtbegin.o

.rodata         0x08006df4       0x40
                0x08006df4                        . = ALIGN (0x4)
 *(.rodata)
 *(.rodata*)
 .rodata.AHBPrescTable
                0x08006df4       0x10 cmake/stm32cubemx/CMakeFiles/STM32_Drivers.dir/__/__/Core/Src/system_stm32g4xx.c.obj
                0x08006df4                AHBPrescTable
 .rodata.APBPrescTable
                0x08006e04        0x8 cmake/stm32cubemx/CMakeFiles/STM32_Drivers.dir/__/__/Core/Src/system_stm32g4xx.c.obj
                0x08006e04                APBPrescTable
 .rodata.UARTPrescTable
                0x08006e0c       0x18 cmake/stm32cubemx/CMakeFiles/STM32_Drivers.dir/__/__/Drivers/STM32G4xx_HAL_Driver/Src/stm32g4xx_hal_uart.c.obj
                0x08006e0c                UARTPrescTable
 .rodata.numerator.1
                0x08006e24        0x8 cmake/stm32cubemx/CMakeFiles/STM32_Drivers.dir/__/__/Drivers/STM32G4xx_HAL_Driver/Src/stm32g4xx_hal_uart_ex.c.obj
 .rodata.denominator.0
                0x08006e2c        0x8 cmake/stm32cubemx/CMakeFiles/STM32_Drivers.dir/__/__/Drivers/STM32G4xx_HAL_Driver/Src/stm32g4xx_hal_uart_ex.c.obj
                0x08006e34                        . = ALIGN (0x4)

.ARM.extab      0x08006e34        0x0
                0x08006e34                        . = ALIGN (0x4)
 *(.ARM.extab* .gnu.linkonce.armextab.*)
                0x08006e34                        . = ALIGN (0x4)

.ARM            0x08006e34        0x8
                0x08006e34                        . = ALIGN (0x4)
                0x08006e34                        __exidx_start = .
 *(.ARM.exidx*)
 .ARM.exidx.text.__udivmoddi4
                0x08006e34        0x8 D:/RM/ToolChain/ArmGNU/13.3.1/arm-gnu-toolchain-13.3.rel1-mingw-w64-i686-arm-none-eabi/bin/../lib/gcc/arm-none-eabi/13.3.1/thumb/v7e-m+fp/hard\libgcc.a(_udivmoddi4.o)
                0x08006e3c                        __exidx_end = .
                0x08006e3c                        . = ALIGN (0x4)

.preinit_array  0x08006e3c        0x0
                0x08006e3c                        . = ALIGN (0x4)
                0x08006e3c                        PROVIDE (__preinit_array_start = .)
 *(.preinit_array*)
                0x08006e3c                        PROVIDE (__preinit_array_end = .)
                0x08006e3c                        . = ALIGN (0x4)

.init_array     0x08006e3c        0x4
                0x08006e3c                        . = ALIGN (0x4)
                0x08006e3c                        PROVIDE (__init_array_start = .)
 *(SORT_BY_NAME(.init_array.*))
 *(.init_array*)
 .init_array    0x08006e3c        0x4 D:/RM/ToolChain/ArmGNU/13.3.1/arm-gnu-toolchain-13.3.rel1-mingw-w64-i686-arm-none-eabi/bin/../lib/gcc/arm-none-eabi/13.3.1/thumb/v7e-m+fp/hard/crtbegin.o
                0x08006e40                        PROVIDE (__init_array_end = .)
                0x08006e40                        . = ALIGN (0x4)

.fini_array     0x08006e40        0x4
                0x08006e40                        . = ALIGN (0x4)
                [!provide]                        PROVIDE (__fini_array_start = .)
 *(SORT_BY_NAME(.fini_array.*))
 *(.fini_array*)
 .fini_array    0x08006e40        0x4 D:/RM/ToolChain/ArmGNU/13.3.1/arm-gnu-toolchain-13.3.rel1-mingw-w64-i686-arm-none-eabi/bin/../lib/gcc/arm-none-eabi/13.3.1/thumb/v7e-m+fp/hard/crtbegin.o
                [!provide]                        PROVIDE (__fini_array_end = .)
                0x08006e44                        . = ALIGN (0x4)
                0x08006e44                        _sidata = LOADADDR (.data)

.rel.dyn        0x08006e44        0x0
 .rel.iplt      0x08006e44        0x0 D:/RM/ToolChain/ArmGNU/13.3.1/arm-gnu-toolchain-13.3.rel1-mingw-w64-i686-arm-none-eabi/bin/../lib/gcc/arm-none-eabi/13.3.1/thumb/v7e-m+fp/hard/crtbegin.o

.data           0x20000000       0x40 load address 0x08006e44
                0x20000000                        . = ALIGN (0x4)
                0x20000000                        _sdata = .
 *(.data)
 *(.data*)
 .data.SystemCoreClock
                0x20000000        0x4 cmake/stm32cubemx/CMakeFiles/STM32_Drivers.dir/__/__/Core/Src/system_stm32g4xx.c.obj
                0x20000000                SystemCoreClock
 .data.uwTickPrio
                0x20000004        0x4 cmake/stm32cubemx/CMakeFiles/STM32_Drivers.dir/__/__/Drivers/STM32G4xx_HAL_Driver/Src/stm32g4xx_hal.c.obj
                0x20000004                uwTickPrio
 .data.uwTickFreq
                0x20000008        0x4 cmake/stm32cubemx/CMakeFiles/STM32_Drivers.dir/__/__/Drivers/STM32G4xx_HAL_Driver/Src/stm32g4xx_hal.c.obj
                0x20000008                uwTickFreq
 .data.force_sensor_L
                0x2000000c       0x18 CMakeFiles/DartADC_G474.dir/Core/Src/main.c.obj
 .data.force_sensor_R
                0x20000024       0x18 CMakeFiles/DartADC_G474.dir/Core/Src/main.c.obj
 .data.force_uart_tx_ready
                0x2000003c        0x1 CMakeFiles/DartADC_G474.dir/Core/Src/main.c.obj
 *(.RamFunc)
 *(.RamFunc*)
                0x20000040                        . = ALIGN (0x4)
 *fill*         0x2000003d        0x3 

.tm_clone_table
                0x20000040        0x0 load address 0x08006e84
 .tm_clone_table
                0x20000040        0x0 D:/RM/ToolChain/ArmGNU/13.3.1/arm-gnu-toolchain-13.3.rel1-mingw-w64-i686-arm-none-eabi/bin/../lib/gcc/arm-none-eabi/13.3.1/thumb/v7e-m+fp/hard/crtbegin.o
 .tm_clone_table
                0x20000040        0x0 D:/RM/ToolChain/ArmGNU/13.3.1/arm-gnu-toolchain-13.3.rel1-mingw-w64-i686-arm-none-eabi/bin/../lib/gcc/arm-none-eabi/13.3.1/thumb/v7e-m+fp/hard/crtend.o

.igot.plt       0x20000040        0x0 load address 0x08006e84
 .igot.plt      0x20000040        0x0 D:/RM/ToolChain/ArmGNU/13.3.1/arm-gnu-toolchain-13.3.rel1-mingw-w64-i686-arm-none-eabi/bin/../lib/gcc/arm-none-eabi/13.3.1/thumb/v7e-m+fp/hard/crtbegin.o

.tdata          0x20000040        0x0 load address 0x08006e84
 *(.tdata .tdata.* .gnu.linkonce.td.*)
                0x20000040                        . = ALIGN (0x4)
                0x20000040                        _edata = .
                [!provide]                        PROVIDE (__data_end = .)
                [!provide]                        PROVIDE (__tdata_end = .)
                [!provide]                        PROVIDE (__tdata_start = ADDR (.tdata))
                [!provide]                        PROVIDE (__tdata_size = (__tdata_end - __tdata_start))
                [!provide]                        PROVIDE (__data_start = ADDR (.data))
                [!provide]                        PROVIDE (__data_size = (__data_end - __data_start))
                [!provide]                        PROVIDE (__tdata_source = LOADADDR (.tdata))
                [!provide]                        PROVIDE (__tdata_source_end = (LOADADDR (.tdata) + SIZEOF (.tdata)))
                [!provide]                        PROVIDE (__tdata_source_size = (__tdata_source_end - __tdata_source))
                [!provide]                        PROVIDE (__data_source = LOADADDR (.data))
                [!provide]                        PROVIDE (__data_source_end = __tdata_source_end)
                [!provide]                        PROVIDE (__data_source_size = (__data_source_end - __data_source))

.tbss           0x20000040        0x0 load address 0x08006e84
                0x20000040                        _sbss = .
                0x20000040                        __bss_start__ = _sbss
 *(.tbss .tbss.*)
                0x20000040                        . = ALIGN (0x4)
                [!provide]                        PROVIDE (__tbss_end = .)
                [!provide]                        PROVIDE (__tbss_start = ADDR (.tbss))
                [!provide]                        PROVIDE (__tbss_size = (__tbss_end - __tbss_start))
                [!provide]                        PROVIDE (__tbss_offset = (ADDR (.tbss) - ADDR (.tdata)))
                [!provide]                        PROVIDE (__tls_base = __tdata_start)
                [!provide]                        PROVIDE (__tls_end = __tbss_end)
                [!provide]                        PROVIDE (__tls_size = (__tls_end - __tls_base))
                [!provide]                        PROVIDE (__tls_align = MAX (ALIGNOF (.tdata), ALIGNOF (.tbss)))
                [!provide]                        PROVIDE (__tls_size_align = (((__tls_size + __tls_align) - 0x1) & ~ ((__tls_align - 0x1))))
                [!provide]                        PROVIDE (__arm32_tls_tcb_offset = MAX (0x8, __tls_align))
                [!provide]                        PROVIDE (__arm64_tls_tcb_offset = MAX (0x10, __tls_align))

.bss            0x20000040      0x3dc load address 0x08006e84
 *(.bss)
 *(.bss*)
 .bss.completed.1
                0x20000040        0x1 D:/RM/ToolChain/ArmGNU/13.3.1/arm-gnu-toolchain-13.3.rel1-mingw-w64-i686-arm-none-eabi/bin/../lib/gcc/arm-none-eabi/13.3.1/thumb/v7e-m+fp/hard/crtbegin.o
 *fill*         0x20000041        0x3 
 .bss.object.0  0x20000044       0x18 D:/RM/ToolChain/ArmGNU/13.3.1/arm-gnu-toolchain-13.3.rel1-mingw-w64-i686-arm-none-eabi/bin/../lib/gcc/arm-none-eabi/13.3.1/thumb/v7e-m+fp/hard/crtbegin.o
 .bss.uwTick    0x2000005c        0x4 cmake/stm32cubemx/CMakeFiles/STM32_Drivers.dir/__/__/Drivers/STM32G4xx_HAL_Driver/Src/stm32g4xx_hal.c.obj
                0x2000005c                uwTick
 .bss.adc1_dma_latest
                0x20000060        0x2 CMakeFiles/DartADC_G474.dir/Core/Src/main.c.obj
 .bss.adc2_dma_latest
                0x20000062        0x2 CMakeFiles/DartADC_G474.dir/Core/Src/main.c.obj
 .bss.adc1_sample_count
                0x20000064        0x4 CMakeFiles/DartADC_G474.dir/Core/Src/main.c.obj
 .bss.adc2_sample_count
                0x20000068        0x4 CMakeFiles/DartADC_G474.dir/Core/Src/main.c.obj
 .bss.force_tx_packet
                0x2000006c        0x8 CMakeFiles/DartADC_G474.dir/Core/Src/main.c.obj
 .bss.last_adc1_sample_count.1
                0x20000074        0x4 CMakeFiles/DartADC_G474.dir/Core/Src/main.c.obj
 .bss.last_adc2_sample_count.0
                0x20000078        0x4 CMakeFiles/DartADC_G474.dir/Core/Src/main.c.obj
 .bss.hadc1     0x2000007c       0x6c CMakeFiles/DartADC_G474.dir/Core/Src/adc.c.obj
                0x2000007c                hadc1
 .bss.hadc2     0x200000e8       0x6c CMakeFiles/DartADC_G474.dir/Core/Src/adc.c.obj
                0x200000e8                hadc2
 .bss.hdma_adc1
                0x20000154       0x60 CMakeFiles/DartADC_G474.dir/Core/Src/adc.c.obj
                0x20000154                hdma_adc1
 .bss.hdma_adc2
                0x200001b4       0x60 CMakeFiles/DartADC_G474.dir/Core/Src/adc.c.obj
                0x200001b4                hdma_adc2
 .bss.HAL_RCC_ADC12_CLK_ENABLED
                0x20000214        0x4 CMakeFiles/DartADC_G474.dir/Core/Src/adc.c.obj
 .bss.hfdcan1   0x20000218       0x64 CMakeFiles/DartADC_G474.dir/Core/Src/fdcan.c.obj
                0x20000218                hfdcan1
 .bss.htim6     0x2000027c       0x4c CMakeFiles/DartADC_G474.dir/Core/Src/tim.c.obj
                0x2000027c                htim6
 .bss.huart2    0x200002c8       0x94 CMakeFiles/DartADC_G474.dir/Core/Src/usart.c.obj
                0x200002c8                huart2
 .bss.hdma_usart2_tx
                0x2000035c       0x60 CMakeFiles/DartADC_G474.dir/Core/Src/usart.c.obj
                0x2000035c                hdma_usart2_tx
 .bss.hdma_usart2_rx
                0x200003bc       0x60 CMakeFiles/DartADC_G474.dir/Core/Src/usart.c.obj
                0x200003bc                hdma_usart2_rx
 *(COMMON)
                0x2000041c                        . = ALIGN (0x4)
                0x2000041c                        _ebss = .
                0x2000041c                        __bss_end__ = _ebss
                [!provide]                        PROVIDE (__bss_end = .)
                [!provide]                        PROVIDE (__non_tls_bss_start = ADDR (.bss))
                [!provide]                        PROVIDE (__bss_start = __tbss_start)
                [!provide]                        PROVIDE (__bss_size = (__bss_end - __bss_start))

._user_heap_stack
                0x2000041c      0x604 load address 0x08006e84
                0x20000420                        . = ALIGN (0x8)
 *fill*         0x2000041c        0x4 
                [!provide]                        PROVIDE (end = .)
                0x20000420                        PROVIDE (_end = .)
                0x20000620                        . = (. + _Min_Heap_Size)
 *fill*         0x20000420      0x200 
                0x20000a20                        . = (. + _Min_Stack_Size)
 *fill*         0x20000620      0x400 
                0x20000a20                        . = ALIGN (0x8)

/DISCARD/
 libc.a:*(*)
 libm.a:*(*)
 libgcc.a:*(*)
OUTPUT(DartADC_G474.elf elf32-littlearm)
LOAD linker stubs

.ARM.attributes
                0x00000000       0x30
 .ARM.attributes
                0x00000000       0x22 D:/RM/ToolChain/ArmGNU/13.3.1/arm-gnu-toolchain-13.3.rel1-mingw-w64-i686-arm-none-eabi/bin/../lib/gcc/arm-none-eabi/13.3.1/thumb/v7e-m+fp/hard/crti.o
 .ARM.attributes
                0x00000022       0x34 D:/RM/ToolChain/ArmGNU/13.3.1/arm-gnu-toolchain-13.3.rel1-mingw-w64-i686-arm-none-eabi/bin/../lib/gcc/arm-none-eabi/13.3.1/thumb/v7e-m+fp/hard/crtbegin.o
 .ARM.attributes
                0x00000056       0x34 cmake/stm32cubemx/CMakeFiles/STM32_Drivers.dir/__/__/Core/Src/system_stm32g4xx.c.obj
 .ARM.attributes
                0x0000008a       0x34 cmake/stm32cubemx/CMakeFiles/STM32_Drivers.dir/__/__/Drivers/STM32G4xx_HAL_Driver/Src/stm32g4xx_hal_adc.c.obj
 .ARM.attributes
                0x000000be       0x34 cmake/stm32cubemx/CMakeFiles/STM32_Drivers.dir/__/__/Drivers/STM32G4xx_HAL_Driver/Src/stm32g4xx_hal_adc_ex.c.obj
 .ARM.attributes
                0x000000f2       0x34 cmake/stm32cubemx/CMakeFiles/STM32_Drivers.dir/__/__/Drivers/STM32G4xx_HAL_Driver/Src/stm32g4xx_hal.c.obj
 .ARM.attributes
                0x00000126       0x34 cmake/stm32cubemx/CMakeFiles/STM32_Drivers.dir/__/__/Drivers/STM32G4xx_HAL_Driver/Src/stm32g4xx_hal_rcc.c.obj
 .ARM.attributes
                0x0000015a       0x34 cmake/stm32cubemx/CMakeFiles/STM32_Drivers.dir/__/__/Drivers/STM32G4xx_HAL_Driver/Src/stm32g4xx_hal_rcc_ex.c.obj
 .ARM.attributes
                0x0000018e       0x34 cmake/stm32cubemx/CMakeFiles/STM32_Drivers.dir/__/__/Drivers/STM32G4xx_HAL_Driver/Src/stm32g4xx_hal_gpio.c.obj
 .ARM.attributes
                0x000001c2       0x34 cmake/stm32cubemx/CMakeFiles/STM32_Drivers.dir/__/__/Drivers/STM32G4xx_HAL_Driver/Src/stm32g4xx_hal_dma.c.obj
 .ARM.attributes
                0x000001f6       0x34 cmake/stm32cubemx/CMakeFiles/STM32_Drivers.dir/__/__/Drivers/STM32G4xx_HAL_Driver/Src/stm32g4xx_hal_pwr_ex.c.obj
 .ARM.attributes
                0x0000022a       0x34 cmake/stm32cubemx/CMakeFiles/STM32_Drivers.dir/__/__/Drivers/STM32G4xx_HAL_Driver/Src/stm32g4xx_hal_cortex.c.obj
 .ARM.attributes
                0x0000025e       0x34 cmake/stm32cubemx/CMakeFiles/STM32_Drivers.dir/__/__/Drivers/STM32G4xx_HAL_Driver/Src/stm32g4xx_hal_fdcan.c.obj
 .ARM.attributes
                0x00000292       0x34 cmake/stm32cubemx/CMakeFiles/STM32_Drivers.dir/__/__/Drivers/STM32G4xx_HAL_Driver/Src/stm32g4xx_hal_tim.c.obj
 .ARM.attributes
                0x000002c6       0x34 cmake/stm32cubemx/CMakeFiles/STM32_Drivers.dir/__/__/Drivers/STM32G4xx_HAL_Driver/Src/stm32g4xx_hal_tim_ex.c.obj
 .ARM.attributes
                0x000002fa       0x34 cmake/stm32cubemx/CMakeFiles/STM32_Drivers.dir/__/__/Drivers/STM32G4xx_HAL_Driver/Src/stm32g4xx_hal_uart.c.obj
 .ARM.attributes
                0x0000032e       0x34 cmake/stm32cubemx/CMakeFiles/STM32_Drivers.dir/__/__/Drivers/STM32G4xx_HAL_Driver/Src/stm32g4xx_hal_uart_ex.c.obj
 .ARM.attributes
                0x00000362       0x34 CMakeFiles/DartADC_G474.dir/Core/Src/main.c.obj
 .ARM.attributes
                0x00000396       0x34 CMakeFiles/DartADC_G474.dir/Core/Src/gpio.c.obj
 .ARM.attributes
                0x000003ca       0x34 CMakeFiles/DartADC_G474.dir/Core/Src/adc.c.obj
 .ARM.attributes
                0x000003fe       0x34 CMakeFiles/DartADC_G474.dir/Core/Src/dma.c.obj
 .ARM.attributes
                0x00000432       0x34 CMakeFiles/DartADC_G474.dir/Core/Src/fdcan.c.obj
 .ARM.attributes
                0x00000466       0x34 CMakeFiles/DartADC_G474.dir/Core/Src/tim.c.obj
 .ARM.attributes
                0x0000049a       0x34 CMakeFiles/DartADC_G474.dir/Core/Src/usart.c.obj
 .ARM.attributes
                0x000004ce       0x34 CMakeFiles/DartADC_G474.dir/Core/Src/stm32g4xx_it.c.obj
 .ARM.attributes
                0x00000502       0x34 CMakeFiles/DartADC_G474.dir/Core/Src/stm32g4xx_hal_msp.c.obj
 .ARM.attributes
                0x00000536       0x21 CMakeFiles/DartADC_G474.dir/startup_stm32g474xx.s.obj
 .ARM.attributes
                0x00000557       0x22 D:/RM/ToolChain/ArmGNU/13.3.1/arm-gnu-toolchain-13.3.rel1-mingw-w64-i686-arm-none-eabi/bin/../lib/gcc/arm-none-eabi/13.3.1/thumb/v7e-m+fp/hard\libgcc.a(_aeabi_uldivmod.o)
 .ARM.attributes
                0x00000579       0x34 D:/RM/ToolChain/ArmGNU/13.3.1/arm-gnu-toolchain-13.3.rel1-mingw-w64-i686-arm-none-eabi/bin/../lib/gcc/arm-none-eabi/13.3.1/thumb/v7e-m+fp/hard\libgcc.a(_udivmoddi4.o)
 .ARM.attributes
                0x000005ad       0x22 D:/RM/ToolChain/ArmGNU/13.3.1/arm-gnu-toolchain-13.3.rel1-mingw-w64-i686-arm-none-eabi/bin/../lib/gcc/arm-none-eabi/13.3.1/thumb/v7e-m+fp/hard\libgcc.a(_dvmd_tls.o)
 .ARM.attributes
                0x000005cf       0x34 D:/RM/ToolChain/ArmGNU/13.3.1/arm-gnu-toolchain-13.3.rel1-mingw-w64-i686-arm-none-eabi/bin/../lib/gcc/arm-none-eabi/13.3.1/thumb/v7e-m+fp/hard\libg_nano.a(libc_a-memset.o)
 .ARM.attributes
                0x00000603       0x34 D:/RM/ToolChain/ArmGNU/13.3.1/arm-gnu-toolchain-13.3.rel1-mingw-w64-i686-arm-none-eabi/bin/../lib/gcc/arm-none-eabi/13.3.1/thumb/v7e-m+fp/hard\libg_nano.a(libc_a-init.o)
 .ARM.attributes
                0x00000637       0x34 D:/RM/ToolChain/ArmGNU/13.3.1/arm-gnu-toolchain-13.3.rel1-mingw-w64-i686-arm-none-eabi/bin/../lib/gcc/arm-none-eabi/13.3.1/thumb/v7e-m+fp/hard/crtend.o
 .ARM.attributes
                0x0000066b       0x22 D:/RM/ToolChain/ArmGNU/13.3.1/arm-gnu-toolchain-13.3.rel1-mingw-w64-i686-arm-none-eabi/bin/../lib/gcc/arm-none-eabi/13.3.1/thumb/v7e-m+fp/hard/crtn.o

.comment        0x00000000       0x45
 .comment       0x00000000       0x45 cmake/stm32cubemx/CMakeFiles/STM32_Drivers.dir/__/__/Core/Src/system_stm32g4xx.c.obj
                                 0x46 (size before relaxing)
 .comment       0x00000045       0x46 cmake/stm32cubemx/CMakeFiles/STM32_Drivers.dir/__/__/Drivers/STM32G4xx_HAL_Driver/Src/stm32g4xx_hal_adc.c.obj
 .comment       0x00000045       0x46 cmake/stm32cubemx/CMakeFiles/STM32_Drivers.dir/__/__/Drivers/STM32G4xx_HAL_Driver/Src/stm32g4xx_hal_adc_ex.c.obj
 .comment       0x00000045       0x46 cmake/stm32cubemx/CMakeFiles/STM32_Drivers.dir/__/__/Drivers/STM32G4xx_HAL_Driver/Src/stm32g4xx_hal.c.obj
 .comment       0x00000045       0x46 cmake/stm32cubemx/CMakeFiles/STM32_Drivers.dir/__/__/Drivers/STM32G4xx_HAL_Driver/Src/stm32g4xx_hal_rcc.c.obj
 .comment       0x00000045       0x46 cmake/stm32cubemx/CMakeFiles/STM32_Drivers.dir/__/__/Drivers/STM32G4xx_HAL_Driver/Src/stm32g4xx_hal_rcc_ex.c.obj
 .comment       0x00000045       0x46 cmake/stm32cubemx/CMakeFiles/STM32_Drivers.dir/__/__/Drivers/STM32G4xx_HAL_Driver/Src/stm32g4xx_hal_gpio.c.obj
 .comment       0x00000045       0x46 cmake/stm32cubemx/CMakeFiles/STM32_Drivers.dir/__/__/Drivers/STM32G4xx_HAL_Driver/Src/stm32g4xx_hal_dma.c.obj
 .comment       0x00000045       0x46 cmake/stm32cubemx/CMakeFiles/STM32_Drivers.dir/__/__/Drivers/STM32G4xx_HAL_Driver/Src/stm32g4xx_hal_pwr_ex.c.obj
 .comment       0x00000045       0x46 cmake/stm32cubemx/CMakeFiles/STM32_Drivers.dir/__/__/Drivers/STM32G4xx_HAL_Driver/Src/stm32g4xx_hal_cortex.c.obj
 .comment       0x00000045       0x46 cmake/stm32cubemx/CMakeFiles/STM32_Drivers.dir/__/__/Drivers/STM32G4xx_HAL_Driver/Src/stm32g4xx_hal_fdcan.c.obj
 .comment       0x00000045       0x46 cmake/stm32cubemx/CMakeFiles/STM32_Drivers.dir/__/__/Drivers/STM32G4xx_HAL_Driver/Src/stm32g4xx_hal_tim.c.obj
 .comment       0x00000045       0x46 cmake/stm32cubemx/CMakeFiles/STM32_Drivers.dir/__/__/Drivers/STM32G4xx_HAL_Driver/Src/stm32g4xx_hal_tim_ex.c.obj
 .comment       0x00000045       0x46 cmake/stm32cubemx/CMakeFiles/STM32_Drivers.dir/__/__/Drivers/STM32G4xx_HAL_Driver/Src/stm32g4xx_hal_uart.c.obj
 .comment       0x00000045       0x46 cmake/stm32cubemx/CMakeFiles/STM32_Drivers.dir/__/__/Drivers/STM32G4xx_HAL_Driver/Src/stm32g4xx_hal_uart_ex.c.obj
 .comment       0x00000045       0x46 CMakeFiles/DartADC_G474.dir/Core/Src/main.c.obj
 .comment       0x00000045       0x46 CMakeFiles/DartADC_G474.dir/Core/Src/gpio.c.obj
 .comment       0x00000045       0x46 CMakeFiles/DartADC_G474.dir/Core/Src/adc.c.obj
 .comment       0x00000045       0x46 CMakeFiles/DartADC_G474.dir/Core/Src/dma.c.obj
 .comment       0x00000045       0x46 CMakeFiles/DartADC_G474.dir/Core/Src/fdcan.c.obj
 .comment       0x00000045       0x46 CMakeFiles/DartADC_G474.dir/Core/Src/tim.c.obj
 .comment       0x00000045       0x46 CMakeFiles/DartADC_G474.dir/Core/Src/usart.c.obj
 .comment       0x00000045       0x46 CMakeFiles/DartADC_G474.dir/Core/Src/stm32g4xx_it.c.obj
 .comment       0x00000045       0x46 CMakeFiles/DartADC_G474.dir/Core/Src/stm32g4xx_hal_msp.c.obj

.debug_info     0x00000000    0x1b204
 .debug_info    0x00000000      0x58e cmake/stm32cubemx/CMakeFiles/STM32_Drivers.dir/__/__/Core/Src/system_stm32g4xx.c.obj
 .debug_info    0x0000058e     0x2063 cmake/stm32cubemx/CMakeFiles/STM32_Drivers.dir/__/__/Drivers/STM32G4xx_HAL_Driver/Src/stm32g4xx_hal_adc.c.obj
 .debug_info    0x000025f1     0x1d80 cmake/stm32cubemx/CMakeFiles/STM32_Drivers.dir/__/__/Drivers/STM32G4xx_HAL_Driver/Src/stm32g4xx_hal_adc_ex.c.obj
 .debug_info    0x00004371      0xb95 cmake/stm32cubemx/CMakeFiles/STM32_Drivers.dir/__/__/Drivers/STM32G4xx_HAL_Driver/Src/stm32g4xx_hal.c.obj
 .debug_info    0x00004f06      0xbf9 cmake/stm32cubemx/CMakeFiles/STM32_Drivers.dir/__/__/Drivers/STM32G4xx_HAL_Driver/Src/stm32g4xx_hal_rcc.c.obj
 .debug_info    0x00005aff      0xc5d cmake/stm32cubemx/CMakeFiles/STM32_Drivers.dir/__/__/Drivers/STM32G4xx_HAL_Driver/Src/stm32g4xx_hal_rcc_ex.c.obj
 .debug_info    0x0000675c      0x772 cmake/stm32cubemx/CMakeFiles/STM32_Drivers.dir/__/__/Drivers/STM32G4xx_HAL_Driver/Src/stm32g4xx_hal_gpio.c.obj
 .debug_info    0x00006ece      0x85f cmake/stm32cubemx/CMakeFiles/STM32_Drivers.dir/__/__/Drivers/STM32G4xx_HAL_Driver/Src/stm32g4xx_hal_dma.c.obj
 .debug_info    0x0000772d      0x944 cmake/stm32cubemx/CMakeFiles/STM32_Drivers.dir/__/__/Drivers/STM32G4xx_HAL_Driver/Src/stm32g4xx_hal_pwr_ex.c.obj
 .debug_info    0x00008071      0xdf9 cmake/stm32cubemx/CMakeFiles/STM32_Drivers.dir/__/__/Drivers/STM32G4xx_HAL_Driver/Src/stm32g4xx_hal_cortex.c.obj
 .debug_info    0x00008e6a     0x18ba cmake/stm32cubemx/CMakeFiles/STM32_Drivers.dir/__/__/Drivers/STM32G4xx_HAL_Driver/Src/stm32g4xx_hal_fdcan.c.obj
 .debug_info    0x0000a724     0x2c52 cmake/stm32cubemx/CMakeFiles/STM32_Drivers.dir/__/__/Drivers/STM32G4xx_HAL_Driver/Src/stm32g4xx_hal_tim.c.obj
 .debug_info    0x0000d376     0x1d95 cmake/stm32cubemx/CMakeFiles/STM32_Drivers.dir/__/__/Drivers/STM32G4xx_HAL_Driver/Src/stm32g4xx_hal_tim_ex.c.obj
 .debug_info    0x0000f10b     0x4854 cmake/stm32cubemx/CMakeFiles/STM32_Drivers.dir/__/__/Drivers/STM32G4xx_HAL_Driver/Src/stm32g4xx_hal_uart.c.obj
 .debug_info    0x0001395f      0xfdc cmake/stm32cubemx/CMakeFiles/STM32_Drivers.dir/__/__/Drivers/STM32G4xx_HAL_Driver/Src/stm32g4xx_hal_uart_ex.c.obj
 .debug_info    0x0001493b     0x1516 CMakeFiles/DartADC_G474.dir/Core/Src/main.c.obj
 .debug_info    0x00015e51      0x2ec CMakeFiles/DartADC_G474.dir/Core/Src/gpio.c.obj
 .debug_info    0x0001613d     0x130d CMakeFiles/DartADC_G474.dir/Core/Src/adc.c.obj
 .debug_info    0x0001744a      0x5ac CMakeFiles/DartADC_G474.dir/Core/Src/dma.c.obj
 .debug_info    0x000179f6      0xb6a CMakeFiles/DartADC_G474.dir/Core/Src/fdcan.c.obj
 .debug_info    0x00018560      0xb3f CMakeFiles/DartADC_G474.dir/Core/Src/tim.c.obj
 .debug_info    0x0001909f     0x110c CMakeFiles/DartADC_G474.dir/Core/Src/usart.c.obj
 .debug_info    0x0001a1ab      0xd4f CMakeFiles/DartADC_G474.dir/Core/Src/stm32g4xx_it.c.obj
 .debug_info    0x0001aefa      0x2da CMakeFiles/DartADC_G474.dir/Core/Src/stm32g4xx_hal_msp.c.obj
 .debug_info    0x0001b1d4       0x30 CMakeFiles/DartADC_G474.dir/startup_stm32g474xx.s.obj

.debug_abbrev   0x00000000     0x3410
 .debug_abbrev  0x00000000      0x11a cmake/stm32cubemx/CMakeFiles/STM32_Drivers.dir/__/__/Core/Src/system_stm32g4xx.c.obj
 .debug_abbrev  0x0000011a      0x2d3 cmake/stm32cubemx/CMakeFiles/STM32_Drivers.dir/__/__/Drivers/STM32G4xx_HAL_Driver/Src/stm32g4xx_hal_adc.c.obj
 .debug_abbrev  0x000003ed      0x2ee cmake/stm32cubemx/CMakeFiles/STM32_Drivers.dir/__/__/Drivers/STM32G4xx_HAL_Driver/Src/stm32g4xx_hal_adc_ex.c.obj
 .debug_abbrev  0x000006db      0x271 cmake/stm32cubemx/CMakeFiles/STM32_Drivers.dir/__/__/Drivers/STM32G4xx_HAL_Driver/Src/stm32g4xx_hal.c.obj
 .debug_abbrev  0x0000094c      0x2c9 cmake/stm32cubemx/CMakeFiles/STM32_Drivers.dir/__/__/Drivers/STM32G4xx_HAL_Driver/Src/stm32g4xx_hal_rcc.c.obj
 .debug_abbrev  0x00000c15      0x261 cmake/stm32cubemx/CMakeFiles/STM32_Drivers.dir/__/__/Drivers/STM32G4xx_HAL_Driver/Src/stm32g4xx_hal_rcc_ex.c.obj
 .debug_abbrev  0x00000e76      0x1d2 cmake/stm32cubemx/CMakeFiles/STM32_Drivers.dir/__/__/Drivers/STM32G4xx_HAL_Driver/Src/stm32g4xx_hal_gpio.c.obj
 .debug_abbrev  0x00001048      0x1e2 cmake/stm32cubemx/CMakeFiles/STM32_Drivers.dir/__/__/Drivers/STM32G4xx_HAL_Driver/Src/stm32g4xx_hal_dma.c.obj
 .debug_abbrev  0x0000122a      0x22c cmake/stm32cubemx/CMakeFiles/STM32_Drivers.dir/__/__/Drivers/STM32G4xx_HAL_Driver/Src/stm32g4xx_hal_pwr_ex.c.obj
 .debug_abbrev  0x00001456      0x31c cmake/stm32cubemx/CMakeFiles/STM32_Drivers.dir/__/__/Drivers/STM32G4xx_HAL_Driver/Src/stm32g4xx_hal_cortex.c.obj
 .debug_abbrev  0x00001772      0x1e7 cmake/stm32cubemx/CMakeFiles/STM32_Drivers.dir/__/__/Drivers/STM32G4xx_HAL_Driver/Src/stm32g4xx_hal_fdcan.c.obj
 .debug_abbrev  0x00001959      0x2a7 cmake/stm32cubemx/CMakeFiles/STM32_Drivers.dir/__/__/Drivers/STM32G4xx_HAL_Driver/Src/stm32g4xx_hal_tim.c.obj
 .debug_abbrev  0x00001c00      0x2c5 cmake/stm32cubemx/CMakeFiles/STM32_Drivers.dir/__/__/Drivers/STM32G4xx_HAL_Driver/Src/stm32g4xx_hal_tim_ex.c.obj
 .debug_abbrev  0x00001ec5      0x304 cmake/stm32cubemx/CMakeFiles/STM32_Drivers.dir/__/__/Drivers/STM32G4xx_HAL_Driver/Src/stm32g4xx_hal_uart.c.obj
 .debug_abbrev  0x000021c9      0x2d2 cmake/stm32cubemx/CMakeFiles/STM32_Drivers.dir/__/__/Drivers/STM32G4xx_HAL_Driver/Src/stm32g4xx_hal_uart_ex.c.obj
 .debug_abbrev  0x0000249b      0x2bc CMakeFiles/DartADC_G474.dir/Core/Src/main.c.obj
 .debug_abbrev  0x00002757       0xc6 CMakeFiles/DartADC_G474.dir/Core/Src/gpio.c.obj
 .debug_abbrev  0x0000281d      0x23b CMakeFiles/DartADC_G474.dir/Core/Src/adc.c.obj
 .debug_abbrev  0x00002a58      0x109 CMakeFiles/DartADC_G474.dir/Core/Src/dma.c.obj
 .debug_abbrev  0x00002b61      0x1d3 CMakeFiles/DartADC_G474.dir/Core/Src/fdcan.c.obj
 .debug_abbrev  0x00002d34      0x207 CMakeFiles/DartADC_G474.dir/Core/Src/tim.c.obj
 .debug_abbrev  0x00002f3b      0x228 CMakeFiles/DartADC_G474.dir/Core/Src/usart.c.obj
 .debug_abbrev  0x00003163      0x1b0 CMakeFiles/DartADC_G474.dir/Core/Src/stm32g4xx_it.c.obj
 .debug_abbrev  0x00003313       0xd9 CMakeFiles/DartADC_G474.dir/Core/Src/stm32g4xx_hal_msp.c.obj
 .debug_abbrev  0x000033ec       0x24 CMakeFiles/DartADC_G474.dir/startup_stm32g474xx.s.obj

.debug_aranges  0x00000000     0x1768
 .debug_aranges
                0x00000000       0x28 cmake/stm32cubemx/CMakeFiles/STM32_Drivers.dir/__/__/Core/Src/system_stm32g4xx.c.obj
 .debug_aranges
                0x00000028      0x248 cmake/stm32cubemx/CMakeFiles/STM32_Drivers.dir/__/__/Drivers/STM32G4xx_HAL_Driver/Src/stm32g4xx_hal_adc.c.obj
 .debug_aranges
                0x00000270      0x1c0 cmake/stm32cubemx/CMakeFiles/STM32_Drivers.dir/__/__/Drivers/STM32G4xx_HAL_Driver/Src/stm32g4xx_hal_adc_ex.c.obj
 .debug_aranges
                0x00000430      0x148 cmake/stm32cubemx/CMakeFiles/STM32_Drivers.dir/__/__/Drivers/STM32G4xx_HAL_Driver/Src/stm32g4xx_hal.c.obj
 .debug_aranges
                0x00000578       0x98 cmake/stm32cubemx/CMakeFiles/STM32_Drivers.dir/__/__/Drivers/STM32G4xx_HAL_Driver/Src/stm32g4xx_hal_rcc.c.obj
 .debug_aranges
                0x00000610       0xb0 cmake/stm32cubemx/CMakeFiles/STM32_Drivers.dir/__/__/Drivers/STM32G4xx_HAL_Driver/Src/stm32g4xx_hal_rcc_ex.c.obj
 .debug_aranges
                0x000006c0       0x58 cmake/stm32cubemx/CMakeFiles/STM32_Drivers.dir/__/__/Drivers/STM32G4xx_HAL_Driver/Src/stm32g4xx_hal_gpio.c.obj
 .debug_aranges
                0x00000718       0x90 cmake/stm32cubemx/CMakeFiles/STM32_Drivers.dir/__/__/Drivers/STM32G4xx_HAL_Driver/Src/stm32g4xx_hal_dma.c.obj
 .debug_aranges
                0x000007a8      0x140 cmake/stm32cubemx/CMakeFiles/STM32_Drivers.dir/__/__/Drivers/STM32G4xx_HAL_Driver/Src/stm32g4xx_hal_pwr_ex.c.obj
 .debug_aranges
                0x000008e8      0x128 cmake/stm32cubemx/CMakeFiles/STM32_Drivers.dir/__/__/Drivers/STM32G4xx_HAL_Driver/Src/stm32g4xx_hal_cortex.c.obj
 .debug_aranges
                0x00000a10      0x208 cmake/stm32cubemx/CMakeFiles/STM32_Drivers.dir/__/__/Drivers/STM32G4xx_HAL_Driver/Src/stm32g4xx_hal_fdcan.c.obj
 .debug_aranges
                0x00000c18      0x3e0 cmake/stm32cubemx/CMakeFiles/STM32_Drivers.dir/__/__/Drivers/STM32G4xx_HAL_Driver/Src/stm32g4xx_hal_tim.c.obj
 .debug_aranges
                0x00000ff8      0x240 cmake/stm32cubemx/CMakeFiles/STM32_Drivers.dir/__/__/Drivers/STM32G4xx_HAL_Driver/Src/stm32g4xx_hal_tim_ex.c.obj
 .debug_aranges
                0x00001238      0x248 cmake/stm32cubemx/CMakeFiles/STM32_Drivers.dir/__/__/Drivers/STM32G4xx_HAL_Driver/Src/stm32g4xx_hal_uart.c.obj
 .debug_aranges
                0x00001480       0xa8 cmake/stm32cubemx/CMakeFiles/STM32_Drivers.dir/__/__/Drivers/STM32G4xx_HAL_Driver/Src/stm32g4xx_hal_uart_ex.c.obj
 .debug_aranges
                0x00001528       0x60 CMakeFiles/DartADC_G474.dir/Core/Src/main.c.obj
 .debug_aranges
                0x00001588       0x20 CMakeFiles/DartADC_G474.dir/Core/Src/gpio.c.obj
 .debug_aranges
                0x000015a8       0x38 CMakeFiles/DartADC_G474.dir/Core/Src/adc.c.obj
 .debug_aranges
                0x000015e0       0x20 CMakeFiles/DartADC_G474.dir/Core/Src/dma.c.obj
 .debug_aranges
                0x00001600       0x30 CMakeFiles/DartADC_G474.dir/Core/Src/fdcan.c.obj
 .debug_aranges
                0x00001630       0x30 CMakeFiles/DartADC_G474.dir/Core/Src/tim.c.obj
 .debug_aranges
                0x00001660       0x30 CMakeFiles/DartADC_G474.dir/Core/Src/usart.c.obj
 .debug_aranges
                0x00001690       0x90 CMakeFiles/DartADC_G474.dir/Core/Src/stm32g4xx_it.c.obj
 .debug_aranges
                0x00001720       0x20 CMakeFiles/DartADC_G474.dir/Core/Src/stm32g4xx_hal_msp.c.obj
 .debug_aranges
                0x00001740       0x28 CMakeFiles/DartADC_G474.dir/startup_stm32g474xx.s.obj

.debug_rnglists
                0x00000000     0x1222
 .debug_rnglists
                0x00000000       0x1a cmake/stm32cubemx/CMakeFiles/STM32_Drivers.dir/__/__/Core/Src/system_stm32g4xx.c.obj
 .debug_rnglists
                0x0000001a      0x1c0 cmake/stm32cubemx/CMakeFiles/STM32_Drivers.dir/__/__/Drivers/STM32G4xx_HAL_Driver/Src/stm32g4xx_hal_adc.c.obj
 .debug_rnglists
                0x000001da      0x15a cmake/stm32cubemx/CMakeFiles/STM32_Drivers.dir/__/__/Drivers/STM32G4xx_HAL_Driver/Src/stm32g4xx_hal_adc_ex.c.obj
 .debug_rnglists
                0x00000334       0xf1 cmake/stm32cubemx/CMakeFiles/STM32_Drivers.dir/__/__/Drivers/STM32G4xx_HAL_Driver/Src/stm32g4xx_hal.c.obj
 .debug_rnglists
                0x00000425       0x74 cmake/stm32cubemx/CMakeFiles/STM32_Drivers.dir/__/__/Drivers/STM32G4xx_HAL_Driver/Src/stm32g4xx_hal_rcc.c.obj
 .debug_rnglists
                0x00000499       0x87 cmake/stm32cubemx/CMakeFiles/STM32_Drivers.dir/__/__/Drivers/STM32G4xx_HAL_Driver/Src/stm32g4xx_hal_rcc_ex.c.obj
 .debug_rnglists
                0x00000520       0x3f cmake/stm32cubemx/CMakeFiles/STM32_Drivers.dir/__/__/Drivers/STM32G4xx_HAL_Driver/Src/stm32g4xx_hal_gpio.c.obj
 .debug_rnglists
                0x0000055f       0x72 cmake/stm32cubemx/CMakeFiles/STM32_Drivers.dir/__/__/Drivers/STM32G4xx_HAL_Driver/Src/stm32g4xx_hal_dma.c.obj
 .debug_rnglists
                0x000005d1       0xf1 cmake/stm32cubemx/CMakeFiles/STM32_Drivers.dir/__/__/Drivers/STM32G4xx_HAL_Driver/Src/stm32g4xx_hal_pwr_ex.c.obj
 .debug_rnglists
                0x000006c2       0xda cmake/stm32cubemx/CMakeFiles/STM32_Drivers.dir/__/__/Drivers/STM32G4xx_HAL_Driver/Src/stm32g4xx_hal_cortex.c.obj
 .debug_rnglists
                0x0000079c      0x18d cmake/stm32cubemx/CMakeFiles/STM32_Drivers.dir/__/__/Drivers/STM32G4xx_HAL_Driver/Src/stm32g4xx_hal_fdcan.c.obj
 .debug_rnglists
                0x00000929      0x32d cmake/stm32cubemx/CMakeFiles/STM32_Drivers.dir/__/__/Drivers/STM32G4xx_HAL_Driver/Src/stm32g4xx_hal_tim.c.obj
 .debug_rnglists
                0x00000c56      0x1cc cmake/stm32cubemx/CMakeFiles/STM32_Drivers.dir/__/__/Drivers/STM32G4xx_HAL_Driver/Src/stm32g4xx_hal_tim_ex.c.obj
 .debug_rnglists
                0x00000e22      0x1f7 cmake/stm32cubemx/CMakeFiles/STM32_Drivers.dir/__/__/Drivers/STM32G4xx_HAL_Driver/Src/stm32g4xx_hal_uart.c.obj
 .debug_rnglists
                0x00001019       0x7f cmake/stm32cubemx/CMakeFiles/STM32_Drivers.dir/__/__/Drivers/STM32G4xx_HAL_Driver/Src/stm32g4xx_hal_uart_ex.c.obj
 .debug_rnglists
                0x00001098       0x46 CMakeFiles/DartADC_G474.dir/Core/Src/main.c.obj
 .debug_rnglists
                0x000010de       0x13 CMakeFiles/DartADC_G474.dir/Core/Src/gpio.c.obj
 .debug_rnglists
                0x000010f1       0x29 CMakeFiles/DartADC_G474.dir/Core/Src/adc.c.obj
 .debug_rnglists
                0x0000111a       0x14 CMakeFiles/DartADC_G474.dir/Core/Src/dma.c.obj
 .debug_rnglists
                0x0000112e       0x21 CMakeFiles/DartADC_G474.dir/Core/Src/fdcan.c.obj
 .debug_rnglists
                0x0000114f       0x1f CMakeFiles/DartADC_G474.dir/Core/Src/tim.c.obj
 .debug_rnglists
                0x0000116e       0x21 CMakeFiles/DartADC_G474.dir/Core/Src/usart.c.obj
 .debug_rnglists
                0x0000118f       0x67 CMakeFiles/DartADC_G474.dir/Core/Src/stm32g4xx_it.c.obj
 .debug_rnglists
                0x000011f6       0x13 CMakeFiles/DartADC_G474.dir/Core/Src/stm32g4xx_hal_msp.c.obj
 .debug_rnglists
                0x00001209       0x19 CMakeFiles/DartADC_G474.dir/startup_stm32g474xx.s.obj

.debug_macro    0x00000000    0x29b98
 .debug_macro   0x00000000      0x1fb cmake/stm32cubemx/CMakeFiles/STM32_Drivers.dir/__/__/Core/Src/system_stm32g4xx.c.obj
 .debug_macro   0x000001fb      0xad8 cmake/stm32cubemx/CMakeFiles/STM32_Drivers.dir/__/__/Core/Src/system_stm32g4xx.c.obj
 .debug_macro   0x00000cd3       0x2e cmake/stm32cubemx/CMakeFiles/STM32_Drivers.dir/__/__/Core/Src/system_stm32g4xx.c.obj
 .debug_macro   0x00000d01       0x28 cmake/stm32cubemx/CMakeFiles/STM32_Drivers.dir/__/__/Core/Src/system_stm32g4xx.c.obj
 .debug_macro   0x00000d29       0x22 cmake/stm32cubemx/CMakeFiles/STM32_Drivers.dir/__/__/Core/Src/system_stm32g4xx.c.obj
 .debug_macro   0x00000d4b       0x8e cmake/stm32cubemx/CMakeFiles/STM32_Drivers.dir/__/__/Core/Src/system_stm32g4xx.c.obj
 .debug_macro   0x00000dd9       0x51 cmake/stm32cubemx/CMakeFiles/STM32_Drivers.dir/__/__/Core/Src/system_stm32g4xx.c.obj
 .debug_macro   0x00000e2a      0x103 cmake/stm32cubemx/CMakeFiles/STM32_Drivers.dir/__/__/Core/Src/system_stm32g4xx.c.obj
 .debug_macro   0x00000f2d       0x6a cmake/stm32cubemx/CMakeFiles/STM32_Drivers.dir/__/__/Core/Src/system_stm32g4xx.c.obj
 .debug_macro   0x00000f97      0x1df cmake/stm32cubemx/CMakeFiles/STM32_Drivers.dir/__/__/Core/Src/system_stm32g4xx.c.obj
 .debug_macro   0x00001176       0x1c cmake/stm32cubemx/CMakeFiles/STM32_Drivers.dir/__/__/Core/Src/system_stm32g4xx.c.obj
 .debug_macro   0x00001192       0x22 cmake/stm32cubemx/CMakeFiles/STM32_Drivers.dir/__/__/Core/Src/system_stm32g4xx.c.obj
 .debug_macro   0x000011b4       0xfb cmake/stm32cubemx/CMakeFiles/STM32_Drivers.dir/__/__/Core/Src/system_stm32g4xx.c.obj
 .debug_macro   0x000012af     0x1011 cmake/stm32cubemx/CMakeFiles/STM32_Drivers.dir/__/__/Core/Src/system_stm32g4xx.c.obj
 .debug_macro   0x000022c0      0x11f cmake/stm32cubemx/CMakeFiles/STM32_Drivers.dir/__/__/Core/Src/system_stm32g4xx.c.obj
 .debug_macro   0x000023df    0x18b8c cmake/stm32cubemx/CMakeFiles/STM32_Drivers.dir/__/__/Core/Src/system_stm32g4xx.c.obj
 .debug_macro   0x0001af6b       0x6d cmake/stm32cubemx/CMakeFiles/STM32_Drivers.dir/__/__/Core/Src/system_stm32g4xx.c.obj
 .debug_macro   0x0001afd8      0x167 cmake/stm32cubemx/CMakeFiles/STM32_Drivers.dir/__/__/Core/Src/system_stm32g4xx.c.obj
 .debug_macro   0x0001b13f     0x3558 cmake/stm32cubemx/CMakeFiles/STM32_Drivers.dir/__/__/Core/Src/system_stm32g4xx.c.obj
 .debug_macro   0x0001e697      0x190 cmake/stm32cubemx/CMakeFiles/STM32_Drivers.dir/__/__/Core/Src/system_stm32g4xx.c.obj
 .debug_macro   0x0001e827       0x5c cmake/stm32cubemx/CMakeFiles/STM32_Drivers.dir/__/__/Core/Src/system_stm32g4xx.c.obj
 .debug_macro   0x0001e883     0x171f cmake/stm32cubemx/CMakeFiles/STM32_Drivers.dir/__/__/Core/Src/system_stm32g4xx.c.obj
 .debug_macro   0x0001ffa2      0x600 cmake/stm32cubemx/CMakeFiles/STM32_Drivers.dir/__/__/Core/Src/system_stm32g4xx.c.obj
 .debug_macro   0x000205a2      0x1b6 cmake/stm32cubemx/CMakeFiles/STM32_Drivers.dir/__/__/Core/Src/system_stm32g4xx.c.obj
 .debug_macro   0x00020758      0x34a cmake/stm32cubemx/CMakeFiles/STM32_Drivers.dir/__/__/Core/Src/system_stm32g4xx.c.obj
 .debug_macro   0x00020aa2      0x53c cmake/stm32cubemx/CMakeFiles/STM32_Drivers.dir/__/__/Core/Src/system_stm32g4xx.c.obj
 .debug_macro   0x00020fde      0x18b cmake/stm32cubemx/CMakeFiles/STM32_Drivers.dir/__/__/Core/Src/system_stm32g4xx.c.obj
 .debug_macro   0x00021169       0x43 cmake/stm32cubemx/CMakeFiles/STM32_Drivers.dir/__/__/Core/Src/system_stm32g4xx.c.obj
 .debug_macro   0x000211ac      0x23d cmake/stm32cubemx/CMakeFiles/STM32_Drivers.dir/__/__/Core/Src/system_stm32g4xx.c.obj
 .debug_macro   0x000213e9     0x1111 cmake/stm32cubemx/CMakeFiles/STM32_Drivers.dir/__/__/Core/Src/system_stm32g4xx.c.obj
 .debug_macro   0x000224fa      0x72e cmake/stm32cubemx/CMakeFiles/STM32_Drivers.dir/__/__/Core/Src/system_stm32g4xx.c.obj
 .debug_macro   0x00022c28      0x391 cmake/stm32cubemx/CMakeFiles/STM32_Drivers.dir/__/__/Core/Src/system_stm32g4xx.c.obj
 .debug_macro   0x00022fb9      0x211 cmake/stm32cubemx/CMakeFiles/STM32_Drivers.dir/__/__/Core/Src/system_stm32g4xx.c.obj
 .debug_macro   0x000231ca      0x6bd cmake/stm32cubemx/CMakeFiles/STM32_Drivers.dir/__/__/Core/Src/system_stm32g4xx.c.obj
 .debug_macro   0x00023887      0x45c cmake/stm32cubemx/CMakeFiles/STM32_Drivers.dir/__/__/Core/Src/system_stm32g4xx.c.obj
 .debug_macro   0x00023ce3      0x11c cmake/stm32cubemx/CMakeFiles/STM32_Drivers.dir/__/__/Core/Src/system_stm32g4xx.c.obj
 .debug_macro   0x00023dff      0x122 cmake/stm32cubemx/CMakeFiles/STM32_Drivers.dir/__/__/Core/Src/system_stm32g4xx.c.obj
 .debug_macro   0x00023f21      0x3d1 cmake/stm32cubemx/CMakeFiles/STM32_Drivers.dir/__/__/Core/Src/system_stm32g4xx.c.obj
 .debug_macro   0x000242f2      0xc0b cmake/stm32cubemx/CMakeFiles/STM32_Drivers.dir/__/__/Core/Src/system_stm32g4xx.c.obj
 .debug_macro   0x00024efd      0x718 cmake/stm32cubemx/CMakeFiles/STM32_Drivers.dir/__/__/Core/Src/system_stm32g4xx.c.obj
 .debug_macro   0x00025615      0x693 cmake/stm32cubemx/CMakeFiles/STM32_Drivers.dir/__/__/Core/Src/system_stm32g4xx.c.obj
 .debug_macro   0x00025ca8       0xa6 cmake/stm32cubemx/CMakeFiles/STM32_Drivers.dir/__/__/Core/Src/system_stm32g4xx.c.obj
 .debug_macro   0x00025d4e      0x358 cmake/stm32cubemx/CMakeFiles/STM32_Drivers.dir/__/__/Core/Src/system_stm32g4xx.c.obj
 .debug_macro   0x000260a6      0x218 cmake/stm32cubemx/CMakeFiles/STM32_Drivers.dir/__/__/Drivers/STM32G4xx_HAL_Driver/Src/stm32g4xx_hal_adc.c.obj
 .debug_macro   0x000262be      0x207 cmake/stm32cubemx/CMakeFiles/STM32_Drivers.dir/__/__/Drivers/STM32G4xx_HAL_Driver/Src/stm32g4xx_hal_adc_ex.c.obj
 .debug_macro   0x000264c5      0x249 cmake/stm32cubemx/CMakeFiles/STM32_Drivers.dir/__/__/Drivers/STM32G4xx_HAL_Driver/Src/stm32g4xx_hal.c.obj
 .debug_macro   0x0002670e      0x23d cmake/stm32cubemx/CMakeFiles/STM32_Drivers.dir/__/__/Drivers/STM32G4xx_HAL_Driver/Src/stm32g4xx_hal_rcc.c.obj
 .debug_macro   0x0002694b      0x225 cmake/stm32cubemx/CMakeFiles/STM32_Drivers.dir/__/__/Drivers/STM32G4xx_HAL_Driver/Src/stm32g4xx_hal_rcc_ex.c.obj
 .debug_macro   0x00026b70      0x202 cmake/stm32cubemx/CMakeFiles/STM32_Drivers.dir/__/__/Drivers/STM32G4xx_HAL_Driver/Src/stm32g4xx_hal_gpio.c.obj
 .debug_macro   0x00026d72      0x1fb cmake/stm32cubemx/CMakeFiles/STM32_Drivers.dir/__/__/Drivers/STM32G4xx_HAL_Driver/Src/stm32g4xx_hal_dma.c.obj
 .debug_macro   0x00026f6d      0x225 cmake/stm32cubemx/CMakeFiles/STM32_Drivers.dir/__/__/Drivers/STM32G4xx_HAL_Driver/Src/stm32g4xx_hal_pwr_ex.c.obj
 .debug_macro   0x00027192      0x1fb cmake/stm32cubemx/CMakeFiles/STM32_Drivers.dir/__/__/Drivers/STM32G4xx_HAL_Driver/Src/stm32g4xx_hal_cortex.c.obj
 .debug_macro   0x0002738d      0x30d cmake/stm32cubemx/CMakeFiles/STM32_Drivers.dir/__/__/Drivers/STM32G4xx_HAL_Driver/Src/stm32g4xx_hal_fdcan.c.obj
 .debug_macro   0x0002769a      0x203 cmake/stm32cubemx/CMakeFiles/STM32_Drivers.dir/__/__/Drivers/STM32G4xx_HAL_Driver/Src/stm32g4xx_hal_tim.c.obj
 .debug_macro   0x0002789d      0x201 cmake/stm32cubemx/CMakeFiles/STM32_Drivers.dir/__/__/Drivers/STM32G4xx_HAL_Driver/Src/stm32g4xx_hal_tim_ex.c.obj
 .debug_macro   0x00027a9e      0x226 cmake/stm32cubemx/CMakeFiles/STM32_Drivers.dir/__/__/Drivers/STM32G4xx_HAL_Driver/Src/stm32g4xx_hal_uart.c.obj
 .debug_macro   0x00027cc4      0x207 cmake/stm32cubemx/CMakeFiles/STM32_Drivers.dir/__/__/Drivers/STM32G4xx_HAL_Driver/Src/stm32g4xx_hal_uart_ex.c.obj
 .debug_macro   0x00027ecb      0x30c CMakeFiles/DartADC_G474.dir/Core/Src/main.c.obj
 .debug_macro   0x000281d7       0x7b CMakeFiles/DartADC_G474.dir/Core/Src/main.c.obj
 .debug_macro   0x00028252       0x2a CMakeFiles/DartADC_G474.dir/Core/Src/main.c.obj
 .debug_macro   0x0002827c       0x3c CMakeFiles/DartADC_G474.dir/Core/Src/main.c.obj
 .debug_macro   0x000282b8       0x34 CMakeFiles/DartADC_G474.dir/Core/Src/main.c.obj
 .debug_macro   0x000282ec      0x370 CMakeFiles/DartADC_G474.dir/Core/Src/main.c.obj
 .debug_macro   0x0002865c       0x16 CMakeFiles/DartADC_G474.dir/Core/Src/main.c.obj
 .debug_macro   0x00028672       0x4a CMakeFiles/DartADC_G474.dir/Core/Src/main.c.obj
 .debug_macro   0x000286bc       0x34 CMakeFiles/DartADC_G474.dir/Core/Src/main.c.obj
 .debug_macro   0x000286f0       0x10 CMakeFiles/DartADC_G474.dir/Core/Src/main.c.obj
 .debug_macro   0x00028700       0x58 CMakeFiles/DartADC_G474.dir/Core/Src/main.c.obj
 .debug_macro   0x00028758      0x1e5 CMakeFiles/DartADC_G474.dir/Core/Src/main.c.obj
 .debug_macro   0x0002893d      0x19b CMakeFiles/DartADC_G474.dir/Core/Src/main.c.obj
 .debug_macro   0x00028ad8       0x16 CMakeFiles/DartADC_G474.dir/Core/Src/main.c.obj
 .debug_macro   0x00028aee       0x3c CMakeFiles/DartADC_G474.dir/Core/Src/main.c.obj
 .debug_macro   0x00028b2a      0x20f CMakeFiles/DartADC_G474.dir/Core/Src/gpio.c.obj
 .debug_macro   0x00028d39      0x20f CMakeFiles/DartADC_G474.dir/Core/Src/adc.c.obj
 .debug_macro   0x00028f48      0x20f CMakeFiles/DartADC_G474.dir/Core/Src/dma.c.obj
 .debug_macro   0x00029157      0x20f CMakeFiles/DartADC_G474.dir/Core/Src/fdcan.c.obj
 .debug_macro   0x00029366      0x20f CMakeFiles/DartADC_G474.dir/Core/Src/tim.c.obj
 .debug_macro   0x00029575      0x20f CMakeFiles/DartADC_G474.dir/Core/Src/usart.c.obj
 .debug_macro   0x00029784      0x20f CMakeFiles/DartADC_G474.dir/Core/Src/stm32g4xx_it.c.obj
 .debug_macro   0x00029993      0x205 CMakeFiles/DartADC_G474.dir/Core/Src/stm32g4xx_hal_msp.c.obj

.debug_line     0x00000000    0x1a60f
 .debug_line    0x00000000      0x75b cmake/stm32cubemx/CMakeFiles/STM32_Drivers.dir/__/__/Core/Src/system_stm32g4xx.c.obj
 .debug_line    0x0000075b     0x21f6 cmake/stm32cubemx/CMakeFiles/STM32_Drivers.dir/__/__/Drivers/STM32G4xx_HAL_Driver/Src/stm32g4xx_hal_adc.c.obj
 .debug_line    0x00002951     0x1b69 cmake/stm32cubemx/CMakeFiles/STM32_Drivers.dir/__/__/Drivers/STM32G4xx_HAL_Driver/Src/stm32g4xx_hal_adc_ex.c.obj
 .debug_line    0x000044ba      0xb27 cmake/stm32cubemx/CMakeFiles/STM32_Drivers.dir/__/__/Drivers/STM32G4xx_HAL_Driver/Src/stm32g4xx_hal.c.obj
 .debug_line    0x00004fe1      0xfaa cmake/stm32cubemx/CMakeFiles/STM32_Drivers.dir/__/__/Drivers/STM32G4xx_HAL_Driver/Src/stm32g4xx_hal_rcc.c.obj
 .debug_line    0x00005f8b     0x1220 cmake/stm32cubemx/CMakeFiles/STM32_Drivers.dir/__/__/Drivers/STM32G4xx_HAL_Driver/Src/stm32g4xx_hal_rcc_ex.c.obj
 .debug_line    0x000071ab      0xb13 cmake/stm32cubemx/CMakeFiles/STM32_Drivers.dir/__/__/Drivers/STM32G4xx_HAL_Driver/Src/stm32g4xx_hal_gpio.c.obj
 .debug_line    0x00007cbe      0xe3c cmake/stm32cubemx/CMakeFiles/STM32_Drivers.dir/__/__/Drivers/STM32G4xx_HAL_Driver/Src/stm32g4xx_hal_dma.c.obj
 .debug_line    0x00008afa      0xc86 cmake/stm32cubemx/CMakeFiles/STM32_Drivers.dir/__/__/Drivers/STM32G4xx_HAL_Driver/Src/stm32g4xx_hal_pwr_ex.c.obj
 .debug_line    0x00009780      0xc8c cmake/stm32cubemx/CMakeFiles/STM32_Drivers.dir/__/__/Drivers/STM32G4xx_HAL_Driver/Src/stm32g4xx_hal_cortex.c.obj
 .debug_line    0x0000a40c     0x1891 cmake/stm32cubemx/CMakeFiles/STM32_Drivers.dir/__/__/Drivers/STM32G4xx_HAL_Driver/Src/stm32g4xx_hal_fdcan.c.obj
 .debug_line    0x0000bc9d     0x4074 cmake/stm32cubemx/CMakeFiles/STM32_Drivers.dir/__/__/Drivers/STM32G4xx_HAL_Driver/Src/stm32g4xx_hal_tim.c.obj
 .debug_line    0x0000fd11     0x202e cmake/stm32cubemx/CMakeFiles/STM32_Drivers.dir/__/__/Drivers/STM32G4xx_HAL_Driver/Src/stm32g4xx_hal_tim_ex.c.obj
 .debug_line    0x00011d3f     0x3589 cmake/stm32cubemx/CMakeFiles/STM32_Drivers.dir/__/__/Drivers/STM32G4xx_HAL_Driver/Src/stm32g4xx_hal_uart.c.obj
 .debug_line    0x000152c8      0xc5c cmake/stm32cubemx/CMakeFiles/STM32_Drivers.dir/__/__/Drivers/STM32G4xx_HAL_Driver/Src/stm32g4xx_hal_uart_ex.c.obj
 .debug_line    0x00015f24      0x998 CMakeFiles/DartADC_G474.dir/Core/Src/main.c.obj
 .debug_line    0x000168bc      0x6ec CMakeFiles/DartADC_G474.dir/Core/Src/gpio.c.obj
 .debug_line    0x00016fa8      0x8f9 CMakeFiles/DartADC_G474.dir/Core/Src/adc.c.obj
 .debug_line    0x000178a1      0x6f1 CMakeFiles/DartADC_G474.dir/Core/Src/dma.c.obj
 .debug_line    0x00017f92      0x78d CMakeFiles/DartADC_G474.dir/Core/Src/fdcan.c.obj
 .debug_line    0x0001871f      0x74e CMakeFiles/DartADC_G474.dir/Core/Src/tim.c.obj
 .debug_line    0x00018e6d      0x80a CMakeFiles/DartADC_G474.dir/Core/Src/usart.c.obj
 .debug_line    0x00019677      0x82e CMakeFiles/DartADC_G474.dir/Core/Src/stm32g4xx_it.c.obj
 .debug_line    0x00019ea5      0x6ef CMakeFiles/DartADC_G474.dir/Core/Src/stm32g4xx_hal_msp.c.obj
 .debug_line    0x0001a594       0x7b CMakeFiles/DartADC_G474.dir/startup_stm32g474xx.s.obj

.debug_str      0x00000000   0x11788b
 .debug_str     0x00000000   0x11788b cmake/stm32cubemx/CMakeFiles/STM32_Drivers.dir/__/__/Core/Src/system_stm32g4xx.c.obj